Archive member included to satisfy reference by file (symbol)

C:/ST/STM32CubeIDE_1.18.1/STM32CubeIDE/plugins/com.st.stm32cube.ide.mcu.externaltools.gnu-tools-for-stm32.13.3.rel1.win32_1.0.0.202411081344/tools/bin/../lib/gcc/arm-none-eabi/13.3.1/../../../../arm-none-eabi/lib/thumb/v7e-m+fp/hard\libc_nano.a(libc_a-exit.o)
                              C:/ST/STM32CubeIDE_1.18.1/STM32CubeIDE/plugins/com.st.stm32cube.ide.mcu.externaltools.gnu-tools-for-stm32.13.3.rel1.win32_1.0.0.202411081344/tools/bin/../lib/gcc/arm-none-eabi/13.3.1/../../../../arm-none-eabi/lib/thumb/v7e-m+fp/hard/crt0.o (exit)
C:/ST/STM32CubeIDE_1.18.1/STM32CubeIDE/plugins/com.st.stm32cube.ide.mcu.externaltools.gnu-tools-for-stm32.13.3.rel1.win32_1.0.0.202411081344/tools/bin/../lib/gcc/arm-none-eabi/13.3.1/../../../../arm-none-eabi/lib/thumb/v7e-m+fp/hard\libc_nano.a(libc_a-findfp.o)
                              C:/ST/STM32CubeIDE_1.18.1/STM32CubeIDE/plugins/com.st.stm32cube.ide.mcu.externaltools.gnu-tools-for-stm32.13.3.rel1.win32_1.0.0.202411081344/tools/bin/../lib/gcc/arm-none-eabi/13.3.1/../../../../arm-none-eabi/lib/thumb/v7e-m+fp/hard\libc_nano.a(libc_a-exit.o) (__stdio_exit_handler)
C:/ST/STM32CubeIDE_1.18.1/STM32CubeIDE/plugins/com.st.stm32cube.ide.mcu.externaltools.gnu-tools-for-stm32.13.3.rel1.win32_1.0.0.202411081344/tools/bin/../lib/gcc/arm-none-eabi/13.3.1/../../../../arm-none-eabi/lib/thumb/v7e-m+fp/hard\libc_nano.a(libc_a-fwalk.o)
                              C:/ST/STM32CubeIDE_1.18.1/STM32CubeIDE/plugins/com.st.stm32cube.ide.mcu.externaltools.gnu-tools-for-stm32.13.3.rel1.win32_1.0.0.202411081344/tools/bin/../lib/gcc/arm-none-eabi/13.3.1/../../../../arm-none-eabi/lib/thumb/v7e-m+fp/hard\libc_nano.a(libc_a-findfp.o) (_fwalk_sglue)
C:/ST/STM32CubeIDE_1.18.1/STM32CubeIDE/plugins/com.st.stm32cube.ide.mcu.externaltools.gnu-tools-for-stm32.13.3.rel1.win32_1.0.0.202411081344/tools/bin/../lib/gcc/arm-none-eabi/13.3.1/../../../../arm-none-eabi/lib/thumb/v7e-m+fp/hard\libc_nano.a(libc_a-stdio.o)
                              C:/ST/STM32CubeIDE_1.18.1/STM32CubeIDE/plugins/com.st.stm32cube.ide.mcu.externaltools.gnu-tools-for-stm32.13.3.rel1.win32_1.0.0.202411081344/tools/bin/../lib/gcc/arm-none-eabi/13.3.1/../../../../arm-none-eabi/lib/thumb/v7e-m+fp/hard\libc_nano.a(libc_a-findfp.o) (__sread)
C:/ST/STM32CubeIDE_1.18.1/STM32CubeIDE/plugins/com.st.stm32cube.ide.mcu.externaltools.gnu-tools-for-stm32.13.3.rel1.win32_1.0.0.202411081344/tools/bin/../lib/gcc/arm-none-eabi/13.3.1/../../../../arm-none-eabi/lib/thumb/v7e-m+fp/hard\libc_nano.a(libc_a-memset.o)
                              C:/ST/STM32CubeIDE_1.18.1/STM32CubeIDE/plugins/com.st.stm32cube.ide.mcu.externaltools.gnu-tools-for-stm32.13.3.rel1.win32_1.0.0.202411081344/tools/bin/../lib/gcc/arm-none-eabi/13.3.1/../../../../arm-none-eabi/lib/thumb/v7e-m+fp/hard/crt0.o (memset)
C:/ST/STM32CubeIDE_1.18.1/STM32CubeIDE/plugins/com.st.stm32cube.ide.mcu.externaltools.gnu-tools-for-stm32.13.3.rel1.win32_1.0.0.202411081344/tools/bin/../lib/gcc/arm-none-eabi/13.3.1/../../../../arm-none-eabi/lib/thumb/v7e-m+fp/hard\libc_nano.a(libc_a-closer.o)
                              C:/ST/STM32CubeIDE_1.18.1/STM32CubeIDE/plugins/com.st.stm32cube.ide.mcu.externaltools.gnu-tools-for-stm32.13.3.rel1.win32_1.0.0.202411081344/tools/bin/../lib/gcc/arm-none-eabi/13.3.1/../../../../arm-none-eabi/lib/thumb/v7e-m+fp/hard\libc_nano.a(libc_a-stdio.o) (_close_r)
C:/ST/STM32CubeIDE_1.18.1/STM32CubeIDE/plugins/com.st.stm32cube.ide.mcu.externaltools.gnu-tools-for-stm32.13.3.rel1.win32_1.0.0.202411081344/tools/bin/../lib/gcc/arm-none-eabi/13.3.1/../../../../arm-none-eabi/lib/thumb/v7e-m+fp/hard\libc_nano.a(libc_a-reent.o)
                              C:/ST/STM32CubeIDE_1.18.1/STM32CubeIDE/plugins/com.st.stm32cube.ide.mcu.externaltools.gnu-tools-for-stm32.13.3.rel1.win32_1.0.0.202411081344/tools/bin/../lib/gcc/arm-none-eabi/13.3.1/../../../../arm-none-eabi/lib/thumb/v7e-m+fp/hard\libc_nano.a(libc_a-closer.o) (errno)
C:/ST/STM32CubeIDE_1.18.1/STM32CubeIDE/plugins/com.st.stm32cube.ide.mcu.externaltools.gnu-tools-for-stm32.13.3.rel1.win32_1.0.0.202411081344/tools/bin/../lib/gcc/arm-none-eabi/13.3.1/../../../../arm-none-eabi/lib/thumb/v7e-m+fp/hard\libc_nano.a(libc_a-impure.o)
                              C:/ST/STM32CubeIDE_1.18.1/STM32CubeIDE/plugins/com.st.stm32cube.ide.mcu.externaltools.gnu-tools-for-stm32.13.3.rel1.win32_1.0.0.202411081344/tools/bin/../lib/gcc/arm-none-eabi/13.3.1/../../../../arm-none-eabi/lib/thumb/v7e-m+fp/hard\libc_nano.a(libc_a-reent.o) (_impure_ptr)
C:/ST/STM32CubeIDE_1.18.1/STM32CubeIDE/plugins/com.st.stm32cube.ide.mcu.externaltools.gnu-tools-for-stm32.13.3.rel1.win32_1.0.0.202411081344/tools/bin/../lib/gcc/arm-none-eabi/13.3.1/../../../../arm-none-eabi/lib/thumb/v7e-m+fp/hard\libc_nano.a(libc_a-lseekr.o)
[...]
Memory Configuration

Name             Origin             Length             Attributes
CCMRAM           0x10000000         0x00010000         xrw
RAM              0x20000000         0x00030000         xrw
ROM              0x08000000         0x00200000         xr
*default*        0x00000000         0xffffffff

Linker script and memory map

LOAD C:/ST/STM32CubeIDE_1.18.1/STM32CubeIDE/plugins/com.st.stm32cube.ide.mcu.externaltools.gnu-tools-for-stm32.13.3.rel1.win32_1.0.0.202411081344/tools/bin/../lib/gcc/arm-none-eabi/13.3.1/thumb/v7e-m+fp/hard/crti.o
LOAD C:/ST/STM32CubeIDE_1.18.1/STM32CubeIDE/plugins/com.st.stm32cube.ide.mcu.externaltools.gnu-tools-for-stm32.13.3.rel1.win32_1.0.0.202411081344/tools/bin/../lib/gcc/arm-none-eabi/13.3.1/thumb/v7e-m+fp/hard/crtbegin.o
LOAD C:/ST/STM32CubeIDE_1.18.1/STM32CubeIDE/plugins/com.st.stm32cube.ide.mcu.externaltools.gnu-tools-for-stm32.13.3.rel1.win32_1.0.0.202411081344/tools/bin/../lib/gcc/arm-none-eabi/13.3.1/../../../../arm-none-eabi/lib/thumb/v7e-m+fp/hard/crt0.o
LOAD ./Drivers/BSP/Components/i3g4250d/i3g4250d.o
LOAD ./Drivers/BSP/Components/ili9341/ili9341.o
LOAD ./Drivers/BSP/Components/l3gd20/l3gd20.o
LOAD ./Drivers/BSP/Components/stmpe811/stmpe811.o
LOAD ./Drivers/BSP/STM32F429I-Discovery/stm32f429i_discovery.o
LOAD ./Drivers/BSP/STM32F429I-Discovery/stm32f429i_discovery_eeprom.o
LOAD ./Drivers/BSP/STM32F429I-Discovery/stm32f429i_discovery_gyroscope.o
LOAD ./Drivers/BSP/STM32F429I-Discovery/stm32f429i_discovery_io.o
LOAD ./Drivers/BSP/STM32F429I-Discovery/stm32f429i_discovery_lcd.o
LOAD ./Drivers/BSP/STM32F429I-Discovery/stm32f429i_discovery_sdram.o
LOAD ./Drivers/BSP/STM32F429I-Discovery/stm32f429i_discovery_ts.o
LOAD ./Drivers/STM32F4xx_HAL_Driver/Src/stm32f4xx_hal.o
LOAD ./Drivers/STM32F4xx_HAL_Driver/Src/stm32f4xx_hal_adc.o
LOAD ./Drivers/STM32F4xx_HAL_Driver/Src/stm32f4xx_hal_adc_ex.o
LOAD ./Drivers/STM32F4xx_HAL_Driver/Src/stm32f4xx_hal_can.o
LOAD ./Drivers/STM32F4xx_HAL_Driver/Src/stm32f4xx_hal_cec.o
LOAD ./Drivers/STM32F4xx_HAL_Driver/Src/stm32f4xx_hal_cortex.o
LOAD ./Drivers/STM32F4xx_HAL_Driver/Src/stm32f4xx_hal_crc.o
LOAD ./Drivers/STM32F4xx_HAL_Driver/Src/stm32f4xx_hal_cryp.o
LOAD ./Drivers/STM32F4xx_HAL_Driver/Src/stm32f4xx_hal_cryp_ex.o
LOAD ./Drivers/STM32F4xx_HAL_Driver/Src/stm32f4xx_hal_dac.o
LOAD ./Drivers/STM32F4xx_HAL_Driver/Src/stm32f4xx_hal_dac_ex.o
LOAD ./Drivers/STM32F4xx_HAL_Driver/Src/stm32f4xx_hal_dcmi.o
LOAD ./Drivers/STM32F4xx_HAL_Driver/Src/stm32f4xx_hal_dcmi_ex.o
LOAD ./Drivers/STM32F4xx_HAL_Driver/Src/stm32f4xx_hal_dfsdm.o
LOAD ./Drivers/STM32F4xx_HAL_Driver/Src/stm32f4xx_hal_dma.o
LOAD ./Drivers/STM32F4xx_HAL_Driver/Src/stm32f4xx_hal_dma2d.o
LOAD ./Drivers/STM32F4xx_HAL_Driver/Src/stm32f4xx_hal_dma_ex.o
LOAD ./Drivers/STM32F4xx_HAL_Driver/Src/stm32f4xx_hal_dsi.o
LOAD ./Drivers/STM32F4xx_HAL_Driver/Src/stm32f4xx_hal_eth.o
LOAD ./Drivers/STM32F4xx_HAL_Driver/Src/stm32f4xx_hal_exti.o
LOAD ./Drivers/STM32F4xx_HAL_Driver/Src/stm32f4xx_hal_flash.o
LOAD ./Drivers/STM32F4xx_HAL_Driver/Src/stm32f4xx_hal_flash_ex.o
LOAD ./Drivers/STM32F4xx_HAL_Driver/Src/stm32f4xx_hal_flash_ramfunc.o
LOAD ./Drivers/STM32F4xx_HAL_Driver/Src/stm32f4xx_hal_fmpi2c.o
LOAD ./Drivers/STM32F4xx_HAL_Driver/Src/stm32f4xx_hal_fmpi2c_ex.o
LOAD ./Drivers/STM32F4xx_HAL_Driver/Src/stm32f4xx_hal_fmpsmbus.o
LOAD ./Drivers/STM32F4xx_HAL_Driver/Src/stm32f4xx_hal_fmpsmbus_ex.o
LOAD ./Drivers/STM32F4xx_HAL_Driver/Src/stm32f4xx_hal_gpio.o
LOAD ./Drivers/STM32F4xx_HAL_Driver/Src/stm32f4xx_hal_hash.o
LOAD ./Drivers/STM32F4xx_HAL_Driver/Src/stm32f4xx_hal_hash_ex.o
LOAD ./Drivers/STM32F4xx_HAL_Driver/Src/stm32f4xx_hal_hcd.o
LOAD ./Drivers/STM32F4xx_HAL_Driver/Src/stm32f4xx_hal_i2c.o
LOAD ./Drivers/STM32F4xx_HAL_Driver/Src/stm32f4xx_hal_i2c_ex.o
LOAD ./Drivers/STM32F4xx_HAL_Driver/Src/stm32f4xx_hal_i2s.o
LOAD ./Drivers/STM32F4xx_HAL_Driver/Src/stm32f4xx_hal_i2s_ex.o
LOAD ./Drivers/STM32F4xx_HAL_Driver/Src/stm32f4xx_hal_irda.o
LOAD ./Drivers/STM32F4xx_HAL_Driver/Src/stm32f4xx_hal_iwdg.o
LOAD ./Drivers/STM32F4xx_HAL_Driver/Src/stm32f4xx_hal_lptim.o
LOAD ./Drivers/STM32F4xx_HAL_Driver/Src/stm32f4xx_hal_ltdc.o
LOAD ./Drivers/STM32F4xx_HAL_Driver/Src/stm32f4xx_hal_ltdc_ex.o
LOAD ./Drivers/STM32F4xx_HAL_Driver/Src/stm32f4xx_hal_mmc.o
LOAD ./Drivers/STM32F4xx_HAL_Driver/Src/stm32f4xx_hal_msp_template.o
LOAD ./Drivers/STM32F4xx_HAL_Driver/Src/stm32f4xx_hal_nand.o
LOAD ./Drivers/STM32F4xx_HAL_Driver/Src/stm32f4xx_hal_nor.o
LOAD ./Drivers/STM32F4xx_HAL_Driver/Src/stm32f4xx_hal_pccard.o
LOAD ./Drivers/STM32F4xx_HAL_Driver/Src/stm32f4xx_hal_pcd.o
LOAD ./Drivers/STM32F4xx_HAL_Driver/Src/stm32f4xx_hal_pcd_ex.o
LOAD ./Drivers/STM32F4xx_HAL_Driver/Src/stm32f4xx_hal_pwr.o
LOAD ./Drivers/STM32F4xx_HAL_Driver/Src/stm32f4xx_hal_pwr_ex.o
LOAD ./Drivers/STM32F4xx_HAL_Driver/Src/stm32f4xx_hal_qspi.o
LOAD ./Drivers/STM32F4xx_HAL_Driver/Src/stm32f4xx_hal_rcc.o
LOAD ./Drivers/STM32F4xx_HAL_Driver/Src/stm32f4xx_hal_rcc_ex.o
LOAD ./Drivers/STM32F4xx_HAL_Driver/Src/stm32f4xx_hal_rng.o
LOAD ./Drivers/STM32F4xx_HAL_Driver/Src/stm32f4xx_hal_rtc.o
LOAD ./Drivers/STM32F4xx_HAL_Driver/Src/stm32f4xx_hal_rtc_ex.o
LOAD ./Drivers/STM32F4xx_HAL_Driver/Src/stm32f4xx_hal_sai.o
LOAD ./Drivers/STM32F4xx_HAL_Driver/Src/stm32f4xx_hal_sai_ex.o
LOAD ./Drivers/STM32F4xx_HAL_Driver/Src/stm32f4xx_hal_sd.o
LOAD ./Drivers/STM32F4xx_HAL_Driver/Src/stm32f4xx_hal_sdram.o
LOAD ./Drivers/STM32F4xx_HAL_Driver/Src/stm32f4xx_hal_smartcard.o
LOAD ./Drivers/STM32F4xx_HAL_Driver/Src/stm32f4xx_hal_smbus.o
LOAD ./Drivers/STM32F4xx_HAL_Driver/Src/stm32f4xx_hal_spdifrx.o
LOAD ./Drivers/STM32F4xx_HAL_Driver/Src/stm32f4xx_hal_spi.o
LOAD ./Drivers/STM32F4xx_HAL_Driver/Src/stm32f4xx_hal_sram.o
LOAD ./Drivers/STM32F4xx_HAL_Driver/Src/stm32f4xx_hal_tim.o
LOAD ./Drivers/STM32F4xx_HAL_Driver/Src/stm32f4xx_hal_tim_ex.o
LOAD ./Drivers/STM32F4xx_HAL_Driver/Src/stm32f4xx_hal_uart.o
LOAD ./Drivers/STM32F4xx_HAL_Driver/Src/stm32f4xx_hal_usart.o
LOAD ./Drivers/STM32F4xx_HAL_Driver/Src/stm32f4xx_hal_wwdg.o
LOAD ./Drivers/STM32F4xx_HAL_Driver/Src/stm32f4xx_ll_fmc.o
LOAD ./Drivers/Startup/startup_stm32f429zitx.o
LOAD ./Drivers/User/stm32f4xx_it.o
LOAD ./Drivers/User/syscalls.o
LOAD ./Drivers/User/sysmem.o
LOAD ./Drivers/User/system_stm32f4xx.o
LOAD ./Drivers/init.o
LOAD ./src/main.o
START GROUP
LOAD C:/ST/STM32CubeIDE_1.18.1/STM32CubeIDE/plugins/com.st.stm32cube.ide.mcu.externaltools.gnu-tools-for-stm32.13.3.rel1.win32_1.0.0.202411081344/tools/bin/../lib/gcc/arm-none-eabi/13.3.1/../../../../arm-none-eabi/lib/thumb/v7e-m+fp/hard\libstdc++_nano.a
LOAD C:/ST/STM32CubeIDE_1.18.1/STM32CubeIDE/plugins/com.st.stm32cube.ide.mcu.externaltools.gnu-tools-for-stm32.13.3.rel1.win32_1.0.0.202411081344/tools/bin/../lib/gcc/arm-none-eabi/13.3.1/../../../../arm-none-eabi/lib/thumb/v7e-m+fp/hard\libsupc++_nano.a
END GROUP
LOAD C:/ST/STM32CubeIDE_1.18.1/STM32CubeIDE/plugins/com.st.stm32cube.ide.mcu.externaltools.gnu-tools-for-stm32.13.3.rel1.win32_1.0.0.202411081344/tools/bin/../lib/gcc/arm-none-eabi/13.3.1/../../../../arm-none-eabi/lib/thumb/v7e-m+fp/hard\libstdc++_nano.a
LOAD C:/ST/STM32CubeIDE_1.18.1/STM32CubeIDE/plugins/com.st.stm32cube.ide.mcu.externaltools.gnu-tools-for-stm32.13.3.rel1.win32_1.0.0.202411081344/tools/bin/../lib/gcc/arm-none-eabi/13.3.1/../../../../arm-none-eabi/lib/thumb/v7e-m+fp/hard\libm.a
LOAD C:/ST/STM32CubeIDE_1.18.1/STM32CubeIDE/plugins/com.st.stm32cube.ide.mcu.externaltools.gnu-tools-for-stm32.13.3.rel1.win32_1.0.0.202411081344/tools/bin/../lib/gcc/arm-none-eabi/13.3.1/../../../../arm-none-eabi/lib/thumb/v7e-m+fp/hard\libc_nano.a
START GROUP
LOAD C:/ST/STM32CubeIDE_1.18.1/STM32CubeIDE/plugins/com.st.stm32cube.ide.mcu.externaltools.gnu-tools-for-stm32.13.3.rel1.win32_1.0.0.202411081344/tools/bin/../lib/gcc/arm-none-eabi/13.3.1/thumb/v7e-m+fp/hard\libgcc.a
LOAD C:/ST/STM32CubeIDE_1.18.1/STM32CubeIDE/plugins/com.st.stm32cube.ide.mcu.externaltools.gnu-tools-for-stm32.13.3.rel1.win32_1.0.0.202411081344/tools/bin/../lib/gcc/arm-none-eabi/13.3.1/../../../../arm-none-eabi/lib/thumb/v7e-m+fp/hard\libc_nano.a
END GROUP
START GROUP
LOAD C:/ST/STM32CubeIDE_1.18.1/STM32CubeIDE/plugins/com.st.stm32cube.ide.mcu.externaltools.gnu-tools-for-stm32.13.3.rel1.win32_1.0.0.202411081344/tools/bin/../lib/gcc/arm-none-eabi/13.3.1/thumb/v7e-m+fp/hard\libgcc.a
LOAD C:/ST/STM32CubeIDE_1.18.1/STM32CubeIDE/plugins/com.st.stm32cube.ide.mcu.externaltools.gnu-tools-for-stm32.13.3.rel1.win32_1.0.0.202411081344/tools/bin/../lib/gcc/arm-none-eabi/13.3.1/../../../../arm-none-eabi/lib/thumb/v7e-m+fp/hard\libc_nano.a
LOAD C:/ST/STM32CubeIDE_1.18.1/STM32CubeIDE/plugins/com.st.stm32cube.ide.mcu.externaltools.gnu-tools-for-stm32.13.3.rel1.win32_1.0.0.202411081344/tools/bin/../lib/gcc/arm-none-eabi/13.3.1/../../../../arm-none-eabi/lib/thumb/v7e-m+fp/hard\libnosys.a
END GROUP
START GROUP
LOAD C:/ST/STM32CubeIDE_1.18.1/STM32CubeIDE/plugins/com.st.stm32cube.ide.mcu.externaltools.gnu-tools-for-stm32.13.3.rel1.win32_1.0.0.202411081344/tools/bin/../lib/gcc/arm-none-eabi/13.3.1/thumb/v7e-m+fp/hard\libgcc.a
LOAD C:/ST/STM32CubeIDE_1.18.1/STM32CubeIDE/plugins/com.st.stm32cube.ide.mcu.externaltools.gnu-tools-for-stm32.13.3.rel1.win32_1.0.0.202411081344/tools/bin/../lib/gcc/arm-none-eabi/13.3.1/../../../../arm-none-eabi/lib/thumb/v7e-m+fp/hard\libc_nano.a
LOAD C:/ST/STM32CubeIDE_1.18.1/STM32CubeIDE/plugins/com.st.stm32cube.ide.mcu.externaltools.gnu-tools-for-stm32.13.3.rel1.win32_1.0.0.202411081344/tools/bin/../lib/gcc/arm-none-eabi/13.3.1/../../../../arm-none-eabi/lib/thumb/v7e-m+fp/hard\libnosys.a
END GROUP
LOAD C:/ST/STM32CubeIDE_1.18.1/STM32CubeIDE/plugins/com.st.stm32cube.ide.mcu.externaltools.gnu-tools-for-stm32.13.3.rel1.win32_1.0.0.202411081344/tools/bin/../lib/gcc/arm-none-eabi/13.3.1/thumb/v7e-m+fp/hard/crtend.o
LOAD C:/ST/STM32CubeIDE_1.18.1/STM32CubeIDE/plugins/com.st.stm32cube.ide.mcu.externaltools.gnu-tools-for-stm32.13.3.rel1.win32_1.0.0.202411081344/tools/bin/../lib/gcc/arm-none-eabi/13.3.1/thumb/v7e-m+fp/hard/crtn.o
                0x20030000                        _estack = (ORIGIN (RAM) + LENGTH (RAM))
                0x00000200                        _Min_Heap_Size = 0x200
                0x00000400                        _Min_Stack_Size = 0x400

.isr_vector     0x08000000      0x1ac
                0x08000000                        . = ALIGN (0x4)
 *(.isr_vector)
 .isr_vector    0x08000000      0x1ac ./Drivers/Startup/startup_stm32f429zitx.o
                0x08000000                g_pfnVectors
                0x080001ac                        . = ALIGN (0x4)

.text           0x080001ac     0x6af8
                0x080001ac                        . = ALIGN (0x4)
 *(.text)
 .text          0x080001ac       0x40 C:/ST/STM32CubeIDE_1.18.1/STM32CubeIDE/plugins/com.st.stm32cube.ide.mcu.externaltools.gnu-tools-for-stm32.13.3.rel1.win32_1.0.0.202411081344/tools/bin/../lib/gcc/arm-none-eabi/13.3.1/thumb/v7e-m+fp/hard/crtbegin.o
 .text          0x080001ec       0x30 C:/ST/STM32CubeIDE_1.18.1/STM32CubeIDE/plugins/com.st.stm32cube.ide.mcu.externaltools.gnu-tools-for-stm32.13.3.rel1.win32_1.0.0.202411081344/tools/bin/../lib/gcc/arm-none-eabi/13.3.1/thumb/v7e-m+fp/hard\libgcc.a(_aeabi_uldivmod.o)
                0x080001ec                __aeabi_uldivmod
 .text          0x0800021c      0x2f8 C:/ST/STM32CubeIDE_1.18.1/STM32CubeIDE/plugins/com.st.stm32cube.ide.mcu.externaltools.gnu-tools-for-stm32.13.3.rel1.win32_1.0.0.202411081344/tools/bin/../lib/gcc/arm-none-eabi/13.3.1/thumb/v7e-m+fp/hard\libgcc.a(_udivmoddi4.o)
                0x0800021c                __udivmoddi4
 .text          0x08000514        0x4 C:/ST/STM32CubeIDE_1.18.1/STM32CubeIDE/plugins/com.st.stm32cube.ide.mcu.externaltools.gnu-tools-for-stm32.13.3.rel1.win32_1.0.0.202411081344/tools/bin/../lib/gcc/arm-none-eabi/13.3.1/thumb/v7e-m+fp/hard\libgcc.a(_dvmd_tls.o)
                0x08000514                __aeabi_idiv0
                0x08000514                __aeabi_ldiv0
 *(.text*)
 .text.ili9341_Init
                0x08000518      0x294 ./Drivers/BSP/Components/ili9341/ili9341.o
                0x08000518                ili9341_Init
 .text.ili9341_ReadID
                0x080007ac       0x18 ./Drivers/BSP/Components/ili9341/ili9341.o
                0x080007ac                ili9341_ReadID
 .text.ili9341_DisplayOn
                0x080007c4        0xe ./Drivers/BSP/Components/ili9341/ili9341.o
                0x080007c4                ili9341_DisplayOn
 .text.ili9341_DisplayOff
                0x080007d2        0xe ./Drivers/BSP/Components/ili9341/ili9341.o
                0x080007d2                ili9341_DisplayOff
 .text.ili9341_WriteReg
                0x080007e0       0x1a ./Drivers/BSP/Components/ili9341/ili9341.o
                0x080007e0                ili9341_WriteReg
 .text.ili9341_WriteData
                0x080007fa       0x1a ./Drivers/BSP/Components/ili9341/ili9341.o
                0x080007fa                ili9341_WriteData
 .text.ili9341_ReadData
                0x08000814       0x26 ./Drivers/BSP/Components/ili9341/ili9341.o
                0x08000814                ili9341_ReadData
 .text.ili9341_GetLcdPixelWidth
                0x0800083a       0x10 ./Drivers/BSP/Components/ili9341/ili9341.o
                0x0800083a                ili9341_GetLcdPixelWidth
 .text.ili9341_GetLcdPixelHeight
                0x0800084a       0x12 ./Drivers/BSP/Components/ili9341/ili9341.o
                0x0800084a                ili9341_GetLcdPixelHeight
 .text.stmpe811_Init
                0x0800085c       0x50 ./Drivers/BSP/Components/stmpe811/stmpe811.o
                0x0800085c                stmpe811_Init
 .text.stmpe811_Reset
                0x080008ac       0x3a ./Drivers/BSP/Components/stmpe811/stmpe811.o
                0x080008ac                stmpe811_Reset
 .text.stmpe811_ReadID
                0x080008e6       0x40 ./Drivers/BSP/Components/stmpe811/stmpe811.o
                0x080008e6                stmpe811_ReadID
 .text.stmpe811_EnableGlobalIT
                0x08000926       0x3c ./Drivers/BSP/Components/stmpe811/stmpe811.o
                0x08000926                stmpe811_EnableGlobalIT
 .text.stmpe811_DisableGlobalIT
                0x08000962       0x3c ./Drivers/BSP/Components/stmpe811/stmpe811.o
                0x08000962                stmpe811_DisableGlobalIT
 .text.stmpe811_EnableITSource
                0x0800099e       0x42 ./Drivers/BSP/Components/stmpe811/stmpe811.o
                0x0800099e                stmpe811_EnableITSource
 .text.stmpe811_DisableITSource
                0x080009e0       0x4c ./Drivers/BSP/Components/stmpe811/stmpe811.o
                0x080009e0                stmpe811_DisableITSource
 .text.stmpe811_ReadGITStatus
                0x08000a2c       0x2e ./Drivers/BSP/Components/stmpe811/stmpe811.o
                0x08000a2c                stmpe811_ReadGITStatus
 .text.stmpe811_ClearGlobalIT
                0x08000a5a       0x26 ./Drivers/BSP/Components/stmpe811/stmpe811.o
                0x08000a5a                stmpe811_ClearGlobalIT
 .text.stmpe811_IO_EnableAF
                0x08000a80       0x48 ./Drivers/BSP/Components/stmpe811/stmpe811.o
                0x08000a80                stmpe811_IO_EnableAF
 .text.stmpe811_TS_Start
                0x08000ac8       0xf0 ./Drivers/BSP/Components/stmpe811/stmpe811.o
                0x08000ac8                stmpe811_TS_Start
 .text.stmpe811_TS_DetectTouch
                0x08000bb8       0x70 ./Drivers/BSP/Components/stmpe811/stmpe811.o
                0x08000bb8                stmpe811_TS_DetectTouch
 .text.stmpe811_TS_GetXY
                0x08000c28       0x72 ./Drivers/BSP/Components/stmpe811/stmpe811.o
                0x08000c28                stmpe811_TS_GetXY
 .text.stmpe811_TS_EnableIT
                0x08000c9a       0x28 ./Drivers/BSP/Components/stmpe811/stmpe811.o
                0x08000c9a                stmpe811_TS_EnableIT
 .text.stmpe811_TS_DisableIT
                0x08000cc2       0x24 ./Drivers/BSP/Components/stmpe811/stmpe811.o
                0x08000cc2                stmpe811_TS_DisableIT
 .text.stmpe811_TS_ITStatus
                0x08000ce6       0x1e ./Drivers/BSP/Components/stmpe811/stmpe811.o
                0x08000ce6                stmpe811_TS_ITStatus
 .text.stmpe811_TS_ClearIT
                0x08000d04       0x1c ./Drivers/BSP/Components/stmpe811/stmpe811.o
                0x08000d04                stmpe811_TS_ClearIT
 .text.stmpe811_GetInstance
                0x08000d20       0x44 ./Drivers/BSP/Components/stmpe811/stmpe811.o
 .text.BSP_LED_Init
                0x08000d64       0xa8 ./Drivers/BSP/STM32F429I-Discovery/stm32f429i_discovery.o
                0x08000d64                BSP_LED_Init
 .text.BSP_PB_Init
                0x08000e0c       0xac ./Drivers/BSP/STM32F429I-Discovery/stm32f429i_discovery.o
                0x08000e0c                BSP_PB_Init
 .text.I2Cx_MspInit
                0x08000eb8       0xec ./Drivers/BSP/STM32F429I-Discovery/stm32f429i_discovery.o
 .text.I2Cx_Init
                0x08000fa4       0x64 ./Drivers/BSP/STM32F429I-Discovery/stm32f429i_discovery.o
 .text.I2Cx_ITConfig
                0x08001008       0x60 ./Drivers/BSP/STM32F429I-Discovery/stm32f429i_discovery.o
 .text.I2Cx_WriteData
                0x08001068       0x54 ./Drivers/BSP/STM32F429I-Discovery/stm32f429i_discovery.o
 .text.I2Cx_ReadData
                0x080010bc       0x58 ./Drivers/BSP/STM32F429I-Discovery/stm32f429i_discovery.o
 .text.I2Cx_ReadBuffer
                0x08001114       0x5c ./Drivers/BSP/STM32F429I-Discovery/stm32f429i_discovery.o
 .text.I2Cx_Error
                0x08001170       0x18 ./Drivers/BSP/STM32F429I-Discovery/stm32f429i_discovery.o
 .text.SPIx_Init
                0x08001188       0x74 ./Drivers/BSP/STM32F429I-Discovery/stm32f429i_discovery.o
 .text.SPIx_Read
                0x080011fc       0x40 ./Drivers/BSP/STM32F429I-Discovery/stm32f429i_discovery.o
 .text.SPIx_Write
                0x0800123c       0x3c ./Drivers/BSP/STM32F429I-Discovery/stm32f429i_discovery.o
 .text.SPIx_Error
                0x08001278       0x18 ./Drivers/BSP/STM32F429I-Discovery/stm32f429i_discovery.o
 .text.SPIx_MspInit
                0x08001290       0x74 ./Drivers/BSP/STM32F429I-Discovery/stm32f429i_discovery.o
 .text.LCD_IO_Init
                0x08001304       0xf0 ./Drivers/BSP/STM32F429I-Discovery/stm32f429i_discovery.o
                0x08001304                LCD_IO_Init
 .text.LCD_IO_WriteData
                0x080013f4       0x44 ./Drivers/BSP/STM32F429I-Discovery/stm32f429i_discovery.o
                0x080013f4                LCD_IO_WriteData
 .text.LCD_IO_WriteReg
                0x08001438       0x44 ./Drivers/BSP/STM32F429I-Discovery/stm32f429i_discovery.o
                0x08001438                LCD_IO_WriteReg
 .text.LCD_IO_ReadData
                0x0800147c       0x64 ./Drivers/BSP/STM32F429I-Discovery/stm32f429i_discovery.o
                0x0800147c                LCD_IO_ReadData
 .text.LCD_Delay
                0x080014e0       0x16 ./Drivers/BSP/STM32F429I-Discovery/stm32f429i_discovery.o
                0x080014e0                LCD_Delay
 .text.IOE_Init
                0x080014f6        0xc ./Drivers/BSP/STM32F429I-Discovery/stm32f429i_discovery.o
                0x080014f6                IOE_Init
 .text.IOE_ITConfig
                0x08001502        0xc ./Drivers/BSP/STM32F429I-Discovery/stm32f429i_discovery.o
                0x08001502                IOE_ITConfig
 .text.IOE_Write
                0x0800150e       0x26 ./Drivers/BSP/STM32F429I-Discovery/stm32f429i_discovery.o
                0x0800150e                IOE_Write
 .text.IOE_Read
                0x08001534       0x26 ./Drivers/BSP/STM32F429I-Discovery/stm32f429i_discovery.o
                0x08001534                IOE_Read
 .text.IOE_ReadMultiple
                0x0800155a       0x2c ./Drivers/BSP/STM32F429I-Discovery/stm32f429i_discovery.o
                0x0800155a                IOE_ReadMultiple
 .text.IOE_Delay
                0x08001586       0x16 ./Drivers/BSP/STM32F429I-Discovery/stm32f429i_discovery.o
                0x08001586                IOE_Delay
 .text.BSP_LCD_Init
                0x0800159c       0xd4 ./Drivers/BSP/STM32F429I-Discovery/stm32f429i_discovery_lcd.o
                0x0800159c                BSP_LCD_Init
 .text.BSP_LCD_GetXSize
                0x08001670       0x18 ./Drivers/BSP/STM32F429I-Discovery/stm32f429i_discovery_lcd.o
                0x08001670                BSP_LCD_GetXSize
 .text.BSP_LCD_GetYSize
                0x08001688       0x18 ./Drivers/BSP/STM32F429I-Discovery/stm32f429i_discovery_lcd.o
                0x08001688                BSP_LCD_GetYSize
 .text.BSP_LCD_LayerDefaultInit
                0x080016a0       0xc8 ./Drivers/BSP/STM32F429I-Discovery/stm32f429i_discovery_lcd.o
                0x080016a0                BSP_LCD_LayerDefaultInit
 .text.BSP_LCD_SelectLayer
                0x08001768       0x20 ./Drivers/BSP/STM32F429I-Discovery/stm32f429i_discovery_lcd.o
                0x08001768                BSP_LCD_SelectLayer
 .text.BSP_LCD_SetTextColor
                0x08001788       0x30 ./Drivers/BSP/STM32F429I-Discovery/stm32f429i_discovery_lcd.o
                0x08001788                BSP_LCD_SetTextColor
 .text.BSP_LCD_SetBackColor
                0x080017b8       0x34 ./Drivers/BSP/STM32F429I-Discovery/stm32f429i_discovery_lcd.o
                0x080017b8                BSP_LCD_SetBackColor
 .text.BSP_LCD_SetFont
                0x080017ec       0x34 ./Drivers/BSP/STM32F429I-Discovery/stm32f429i_discovery_lcd.o
                0x080017ec                BSP_LCD_SetFont
 .text.BSP_LCD_Clear
                0x08001820       0x50 ./Drivers/BSP/STM32F429I-Discovery/stm32f429i_discovery_lcd.o
                0x08001820                BSP_LCD_Clear
 .text.BSP_LCD_DisplayChar
                0x08001870       0x88 ./Drivers/BSP/STM32F429I-Discovery/stm32f429i_discovery_lcd.o
                0x08001870                BSP_LCD_DisplayChar
 .text.BSP_LCD_DisplayStringAt
                0x080018f8      0x17c ./Drivers/BSP/STM32F429I-Discovery/stm32f429i_discovery_lcd.o
                0x080018f8                BSP_LCD_DisplayStringAt
 .text.BSP_LCD_MspInit
                0x08001a74      0x1ac ./Drivers/BSP/STM32F429I-Discovery/stm32f429i_discovery_lcd.o
                0x08001a74                BSP_LCD_MspInit
 .text.BSP_LCD_DrawPixel
                0x08001c20       0x4c ./Drivers/BSP/STM32F429I-Discovery/stm32f429i_discovery_lcd.o
                0x08001c20                BSP_LCD_DrawPixel
 .text.DrawChar
                0x08001c6c      0x174 ./Drivers/BSP/STM32F429I-Discovery/stm32f429i_discovery_lcd.o
 .text.FillBuffer
                0x08001de0       0x70 ./Drivers/BSP/STM32F429I-Discovery/stm32f429i_discovery_lcd.o
 .text.BSP_SDRAM_Init
                0x08001e50       0xbc ./Drivers/BSP/STM32F429I-Discovery/stm32f429i_discovery_sdram.o
                0x08001e50                BSP_SDRAM_Init
 .text.BSP_SDRAM_Initialization_sequence
                0x08001f0c       0xc0 ./Drivers/BSP/STM32F429I-Discovery/stm32f429i_discovery_sdram.o
                0x08001f0c                BSP_SDRAM_Initialization_sequence
 .text.BSP_SDRAM_MspInit
                0x08001fcc      0x218 ./Drivers/BSP/STM32F429I-Discovery/stm32f429i_discovery_sdram.o
                0x08001fcc                BSP_SDRAM_MspInit
 .text.BSP_TS_Init
                0x080021e4       0x74 ./Drivers/BSP/STM32F429I-Discovery/stm32f429i_discovery_ts.o
                0x080021e4                BSP_TS_Init
 .text.BSP_TS_GetState
                0x08002258      0x164 ./Drivers/BSP/STM32F429I-Discovery/stm32f429i_discovery_ts.o
                0x08002258                BSP_TS_GetState
 .text.HAL_Init
                0x080023bc       0x44 ./Drivers/STM32F4xx_HAL_Driver/Src/stm32f4xx_hal.o
                0x080023bc                HAL_Init
 .text.HAL_InitTick
                0x08002400       0x60 ./Drivers/STM32F4xx_HAL_Driver/Src/stm32f4xx_hal.o
                0x08002400                HAL_InitTick
 .text.HAL_IncTick
                0x08002460       0x28 ./Drivers/STM32F4xx_HAL_Driver/Src/stm32f4xx_hal.o
                0x08002460                HAL_IncTick
 .text.HAL_GetTick
                0x08002488       0x18 ./Drivers/STM32F4xx_HAL_Driver/Src/stm32f4xx_hal.o
                0x08002488                HAL_GetTick
 .text.HAL_Delay
                0x080024a0       0x48 ./Drivers/STM32F4xx_HAL_Driver/Src/stm32f4xx_hal.o
                0x080024a0                HAL_Delay
 .text.__NVIC_SetPriorityGrouping
                0x080024e8       0x48 ./Drivers/STM32F4xx_HAL_Driver/Src/stm32f4xx_hal_cortex.o
 .text.__NVIC_GetPriorityGrouping
                0x08002530       0x1c ./Drivers/STM32F4xx_HAL_Driver/Src/stm32f4xx_hal_cortex.o
 .text.__NVIC_EnableIRQ
                0x0800254c       0x3c ./Drivers/STM32F4xx_HAL_Driver/Src/stm32f4xx_hal_cortex.o
 .text.__NVIC_SetPriority
                0x08002588       0x54 ./Drivers/STM32F4xx_HAL_Driver/Src/stm32f4xx_hal_cortex.o
 .text.NVIC_EncodePriority
                0x080025dc       0x66 ./Drivers/STM32F4xx_HAL_Driver/Src/stm32f4xx_hal_cortex.o
 *fill*         0x08002642        0x2 
 .text.SysTick_Config
                0x08002644       0x44 ./Drivers/STM32F4xx_HAL_Driver/Src/stm32f4xx_hal_cortex.o
 .text.HAL_NVIC_SetPriorityGrouping
                0x08002688       0x16 ./Drivers/STM32F4xx_HAL_Driver/Src/stm32f4xx_hal_cortex.o
                0x08002688                HAL_NVIC_SetPriorityGrouping
 .text.HAL_NVIC_SetPriority
                0x0800269e       0x38 ./Drivers/STM32F4xx_HAL_Driver/Src/stm32f4xx_hal_cortex.o
                0x0800269e                HAL_NVIC_SetPriority
 .text.HAL_NVIC_EnableIRQ
                0x080026d6       0x1c ./Drivers/STM32F4xx_HAL_Driver/Src/stm32f4xx_hal_cortex.o
                0x080026d6                HAL_NVIC_EnableIRQ
 .text.HAL_SYSTICK_Config
                0x080026f2       0x18 ./Drivers/STM32F4xx_HAL_Driver/Src/stm32f4xx_hal_cortex.o
                0x080026f2                HAL_SYSTICK_Config
 *fill*         0x0800270a        0x2 
 .text.HAL_DMA_Init
                0x0800270c      0x15c ./Drivers/STM32F4xx_HAL_Driver/Src/stm32f4xx_hal_dma.o
                0x0800270c                HAL_DMA_Init
 .text.HAL_DMA_DeInit
                0x08002868       0xbc ./Drivers/STM32F4xx_HAL_Driver/Src/stm32f4xx_hal_dma.o
                0x08002868                HAL_DMA_DeInit
 .text.DMA_CalcBaseAndBitshift
                0x08002924       0x6c ./Drivers/STM32F4xx_HAL_Driver/Src/stm32f4xx_hal_dma.o
 .text.DMA_CheckFifoParam
                0x08002990       0xf8 ./Drivers/STM32F4xx_HAL_Driver/Src/stm32f4xx_hal_dma.o
 .text.HAL_DMA2D_Init
                0x08002a88       0x92 ./Drivers/STM32F4xx_HAL_Driver/Src/stm32f4xx_hal_dma2d.o
                0x08002a88                HAL_DMA2D_Init
 .text.HAL_DMA2D_MspInit
                0x08002b1a       0x14 ./Drivers/STM32F4xx_HAL_Driver/Src/stm32f4xx_hal_dma2d.o
                0x08002b1a                HAL_DMA2D_MspInit
 .text.HAL_DMA2D_Start
                0x08002b2e       0x56 ./Drivers/STM32F4xx_HAL_Driver/Src/stm32f4xx_hal_dma2d.o
                0x08002b2e                HAL_DMA2D_Start
 .text.HAL_DMA2D_PollForTransfer
                0x08002b84      0x1d2 ./Drivers/STM32F4xx_HAL_Driver/Src/stm32f4xx_hal_dma2d.o
                0x08002b84                HAL_DMA2D_PollForTransfer
 *fill*         0x08002d56        0x2 
 .text.HAL_DMA2D_ConfigLayer
                0x08002d58      0x124 ./Drivers/STM32F4xx_HAL_Driver/Src/stm32f4xx_hal_dma2d.o
                0x08002d58                HAL_DMA2D_ConfigLayer
 .text.DMA2D_SetConfig
                0x08002e7c      0x138 ./Drivers/STM32F4xx_HAL_Driver/Src/stm32f4xx_hal_dma2d.o
 .text.HAL_GPIO_Init
                0x08002fb4      0x358 ./Drivers/STM32F4xx_HAL_Driver/Src/stm32f4xx_hal_gpio.o
                0x08002fb4                HAL_GPIO_Init
 .text.HAL_GPIO_WritePin
                0x0800330c       0x32 ./Drivers/STM32F4xx_HAL_Driver/Src/stm32f4xx_hal_gpio.o
                0x0800330c                HAL_GPIO_WritePin
 *fill*         0x0800333e        0x2 
 .text.HAL_GPIO_EXTI_IRQHandler
                0x08003340       0x30 ./Drivers/STM32F4xx_HAL_Driver/Src/stm32f4xx_hal_gpio.o
                0x08003340                HAL_GPIO_EXTI_IRQHandler
 .text.HAL_GPIO_EXTI_Callback
                0x08003370       0x16 ./Drivers/STM32F4xx_HAL_Driver/Src/stm32f4xx_hal_gpio.o
                0x08003370                HAL_GPIO_EXTI_Callback
 *fill*         0x08003386        0x2 
 .text.HAL_I2C_Init
                0x08003388      0x288 ./Drivers/STM32F4xx_HAL_Driver/Src/stm32f4xx_hal_i2c.o
                0x08003388                HAL_I2C_Init
 .text.HAL_I2C_DeInit
                0x08003610       0x5e ./Drivers/STM32F4xx_HAL_Driver/Src/stm32f4xx_hal_i2c.o
                0x08003610                HAL_I2C_DeInit
 .text.HAL_I2C_MspInit
                0x0800366e       0x14 ./Drivers/STM32F4xx_HAL_Driver/Src/stm32f4xx_hal_i2c.o
                0x0800366e                HAL_I2C_MspInit
 .text.HAL_I2C_MspDeInit
                0x08003682       0x14 ./Drivers/STM32F4xx_HAL_Driver/Src/stm32f4xx_hal_i2c.o
                0x08003682                HAL_I2C_MspDeInit
 *fill*         0x08003696        0x2 
 .text.HAL_I2C_Mem_Write
                0x08003698      0x1f4 ./Drivers/STM32F4xx_HAL_Driver/Src/stm32f4xx_hal_i2c.o
                0x08003698                HAL_I2C_Mem_Write
 .text.HAL_I2C_Mem_Read
                0x0800388c      0x464 ./Drivers/STM32F4xx_HAL_Driver/Src/stm32f4xx_hal_i2c.o
                0x0800388c                HAL_I2C_Mem_Read
 .text.HAL_I2C_GetState
                0x08003cf0       0x1c ./Drivers/STM32F4xx_HAL_Driver/Src/stm32f4xx_hal_i2c.o
                0x08003cf0                HAL_I2C_GetState
 .text.I2C_RequestMemoryWrite
                0x08003d0c      0x12c ./Drivers/STM32F4xx_HAL_Driver/Src/stm32f4xx_hal_i2c.o
 .text.I2C_RequestMemoryRead
                0x08003e38      0x1d0 ./Drivers/STM32F4xx_HAL_Driver/Src/stm32f4xx_hal_i2c.o
 .text.I2C_WaitOnFlagUntilTimeout
                0x08004008       0xf4 ./Drivers/STM32F4xx_HAL_Driver/Src/stm32f4xx_hal_i2c.o
 .text.I2C_WaitOnMasterAddressFlagUntilTimeout
                0x080040fc      0x140 ./Drivers/STM32F4xx_HAL_Driver/Src/stm32f4xx_hal_i2c.o
 .text.I2C_WaitOnTXEFlagUntilTimeout
                0x0800423c       0x90 ./Drivers/STM32F4xx_HAL_Driver/Src/stm32f4xx_hal_i2c.o
 .text.I2C_WaitOnBTFFlagUntilTimeout
                0x080042cc       0x90 ./Drivers/STM32F4xx_HAL_Driver/Src/stm32f4xx_hal_i2c.o
 .text.I2C_WaitOnRXNEFlagUntilTimeout
                0x0800435c       0xba ./Drivers/STM32F4xx_HAL_Driver/Src/stm32f4xx_hal_i2c.o
 .text.I2C_IsAcknowledgeFailed
                0x08004416       0x5e ./Drivers/STM32F4xx_HAL_Driver/Src/stm32f4xx_hal_i2c.o
 .text.HAL_LTDC_Init
                0x08004474      0x1a0 ./Drivers/STM32F4xx_HAL_Driver/Src/stm32f4xx_hal_ltdc.o
                0x08004474                HAL_LTDC_Init
 .text.HAL_LTDC_MspInit
                0x08004614       0x14 ./Drivers/STM32F4xx_HAL_Driver/Src/stm32f4xx_hal_ltdc.o
                0x08004614                HAL_LTDC_MspInit
 .text.HAL_LTDC_ConfigLayer
                0x08004628       0x7c ./Drivers/STM32F4xx_HAL_Driver/Src/stm32f4xx_hal_ltdc.o
                0x08004628                HAL_LTDC_ConfigLayer
 .text.HAL_LTDC_EnableDither
                0x080046a4       0x54 ./Drivers/STM32F4xx_HAL_Driver/Src/stm32f4xx_hal_ltdc.o
                0x080046a4                HAL_LTDC_EnableDither
 .text.LTDC_SetConfig
                0x080046f8      0x32e ./Drivers/STM32F4xx_HAL_Driver/Src/stm32f4xx_hal_ltdc.o
 .text.HAL_MspInit
                0x08004a26        0xe ./Drivers/STM32F4xx_HAL_Driver/Src/stm32f4xx_hal_msp_template.o
                0x08004a26                HAL_MspInit
 .text.HAL_PWREx_EnableOverDrive
                0x08004a34       0xa0 ./Drivers/STM32F4xx_HAL_Driver/Src/stm32f4xx_hal_pwr_ex.o
                0x08004a34                HAL_PWREx_EnableOverDrive
 .text.HAL_RCC_OscConfig
                0x08004ad4      0x4f0 ./Drivers/STM32F4xx_HAL_Driver/Src/stm32f4xx_hal_rcc.o
                0x08004ad4                HAL_RCC_OscConfig
 .text.HAL_RCC_ClockConfig
                0x08004fc4      0x1cc ./Drivers/STM32F4xx_HAL_Driver/Src/stm32f4xx_hal_rcc.o
                0x08004fc4                HAL_RCC_ClockConfig
 .text.HAL_RCC_GetSysClockFreq
                0x08005190      0x20c ./Drivers/STM32F4xx_HAL_Driver/Src/stm32f4xx_hal_rcc.o
                0x08005190                HAL_RCC_GetSysClockFreq
 .text.HAL_RCC_GetHCLKFreq
                0x0800539c       0x18 ./Drivers/STM32F4xx_HAL_Driver/Src/stm32f4xx_hal_rcc.o
                0x0800539c                HAL_RCC_GetHCLKFreq
 .text.HAL_RCC_GetPCLK1Freq
                0x080053b4       0x28 ./Drivers/STM32F4xx_HAL_Driver/Src/stm32f4xx_hal_rcc.o
                0x080053b4                HAL_RCC_GetPCLK1Freq
 .text.HAL_RCCEx_PeriphCLKConfig
                0x080053dc      0x380 ./Drivers/STM32F4xx_HAL_Driver/Src/stm32f4xx_hal_rcc_ex.o
                0x080053dc                HAL_RCCEx_PeriphCLKConfig
 .text.HAL_SDRAM_Init
                0x0800575c       0x68 ./Drivers/STM32F4xx_HAL_Driver/Src/stm32f4xx_hal_sdram.o
                0x0800575c                HAL_SDRAM_Init
 .text.HAL_SDRAM_MspInit
                0x080057c4       0x14 ./Drivers/STM32F4xx_HAL_Driver/Src/stm32f4xx_hal_sdram.o
                0x080057c4                HAL_SDRAM_MspInit
 .text.HAL_SDRAM_SendCommand
                0x080057d8       0x6a ./Drivers/STM32F4xx_HAL_Driver/Src/stm32f4xx_hal_sdram.o
                0x080057d8                HAL_SDRAM_SendCommand
 .text.HAL_SDRAM_ProgramRefreshRate
                0x08005842       0x50 ./Drivers/STM32F4xx_HAL_Driver/Src/stm32f4xx_hal_sdram.o
                0x08005842                HAL_SDRAM_ProgramRefreshRate
 .text.HAL_SPI_Init
                0x08005892      0x122 ./Drivers/STM32F4xx_HAL_Driver/Src/stm32f4xx_hal_spi.o
                0x08005892                HAL_SPI_Init
 .text.HAL_SPI_DeInit
                0x080059b4       0x50 ./Drivers/STM32F4xx_HAL_Driver/Src/stm32f4xx_hal_spi.o
                0x080059b4                HAL_SPI_DeInit
 .text.HAL_SPI_MspInit
                0x08005a04       0x14 ./Drivers/STM32F4xx_HAL_Driver/Src/stm32f4xx_hal_spi.o
                0x08005a04                HAL_SPI_MspInit
 .text.HAL_SPI_MspDeInit
                0x08005a18       0x14 ./Drivers/STM32F4xx_HAL_Driver/Src/stm32f4xx_hal_spi.o
                0x08005a18                HAL_SPI_MspDeInit
 .text.HAL_SPI_Transmit
                0x08005a2c      0x2ca ./Drivers/STM32F4xx_HAL_Driver/Src/stm32f4xx_hal_spi.o
                0x08005a2c                HAL_SPI_Transmit
 .text.HAL_SPI_Receive
                0x08005cf6      0x324 ./Drivers/STM32F4xx_HAL_Driver/Src/stm32f4xx_hal_spi.o
                0x08005cf6                HAL_SPI_Receive
 .text.HAL_SPI_TransmitReceive
                0x0800601a      0x48c ./Drivers/STM32F4xx_HAL_Driver/Src/stm32f4xx_hal_spi.o
                0x0800601a                HAL_SPI_TransmitReceive
 .text.HAL_SPI_GetState
                0x080064a6       0x1c ./Drivers/STM32F4xx_HAL_Driver/Src/stm32f4xx_hal_spi.o
                0x080064a6                HAL_SPI_GetState
 *fill*         0x080064c2        0x2 
 .text.SPI_WaitFlagStateUntilTimeout
                0x080064c4      0x110 ./Drivers/STM32F4xx_HAL_Driver/Src/stm32f4xx_hal_spi.o
 .text.SPI_EndRxTransaction
                0x080065d4       0xca ./Drivers/STM32F4xx_HAL_Driver/Src/stm32f4xx_hal_spi.o
 *fill*         0x0800669e        0x2 
 .text.SPI_EndRxTxTransaction
                0x080066a0       0xa8 ./Drivers/STM32F4xx_HAL_Driver/Src/stm32f4xx_hal_spi.o
 .text.FMC_SDRAM_Init
                0x08006748       0xba ./Drivers/STM32F4xx_HAL_Driver/Src/stm32f4xx_ll_fmc.o
                0x08006748                FMC_SDRAM_Init
 .text.FMC_SDRAM_Timing_Init
                0x08006802       0xd2 ./Drivers/STM32F4xx_HAL_Driver/Src/stm32f4xx_ll_fmc.o
                0x08006802                FMC_SDRAM_Timing_Init
 .text.FMC_SDRAM_SendCommand
                0x080068d4       0x7a ./Drivers/STM32F4xx_HAL_Driver/Src/stm32f4xx_ll_fmc.o
                0x080068d4                FMC_SDRAM_SendCommand
 .text.FMC_SDRAM_ProgramRefreshRate
                0x0800694e       0x2e ./Drivers/STM32F4xx_HAL_Driver/Src/stm32f4xx_ll_fmc.o
                0x0800694e                FMC_SDRAM_ProgramRefreshRate
 .text.Reset_Handler
                0x0800697c       0x54 ./Drivers/Startup/startup_stm32f429zitx.o
                0x0800697c                Reset_Handler
 .text.Default_Handler
                0x080069d0        0x2 ./Drivers/Startup/startup_stm32f429zitx.o
                0x080069d0                RTC_Alarm_IRQHandler
                0x080069d0                HASH_RNG_IRQHandler
                0x080069d0                EXTI2_IRQHandler
                0x080069d0                TIM8_CC_IRQHandler
                0x080069d0                UART8_IRQHandler
                0x080069d0                SPI4_IRQHandler
                0x080069d0                TIM1_CC_IRQHandler
                0x080069d0                DMA2_Stream5_IRQHandler
                0x080069d0                DMA1_Stream5_IRQHandler
                0x080069d0                PVD_IRQHandler
                0x080069d0                SDIO_IRQHandler
                0x080069d0                TAMP_STAMP_IRQHandler
                0x080069d0                CAN2_RX1_IRQHandler
                0x080069d0                EXTI3_IRQHandler
                0x080069d0                TIM8_TRG_COM_TIM14_IRQHandler
                0x080069d0                TIM1_UP_TIM10_IRQHandler
                0x080069d0                TIM8_UP_TIM13_IRQHandler
                0x080069d0                I2C3_ER_IRQHandler
                0x080069d0                I2C2_EV_IRQHandler
                0x080069d0                DMA1_Stream2_IRQHandler
                0x080069d0                CAN1_RX0_IRQHandler
                0x080069d0                FPU_IRQHandler
                0x080069d0                OTG_HS_WKUP_IRQHandler
                0x080069d0                LTDC_ER_IRQHandler
                0x080069d0                CAN2_SCE_IRQHandler
                0x080069d0                DMA2_Stream2_IRQHandler
                0x080069d0                SPI1_IRQHandler
                0x080069d0                TIM6_DAC_IRQHandler
                0x080069d0                TIM1_BRK_TIM9_IRQHandler
                0x080069d0                DCMI_IRQHandler
                0x080069d0                CAN2_RX0_IRQHandler
                0x080069d0                DMA2_Stream3_IRQHandler
                0x080069d0                USART6_IRQHandler
                0x080069d0                USART3_IRQHandler
                0x080069d0                CAN1_RX1_IRQHandler
                0x080069d0                UART5_IRQHandler
                0x080069d0                DMA2_Stream0_IRQHandler
                0x080069d0                TIM4_IRQHandler
                0x080069d0                I2C1_EV_IRQHandler
                0x080069d0                DMA1_Stream6_IRQHandler
                0x080069d0                DMA1_Stream1_IRQHandler
                0x080069d0                UART4_IRQHandler
                0x080069d0                TIM3_IRQHandler
                0x080069d0                RCC_IRQHandler
                0x080069d0                TIM8_BRK_TIM12_IRQHandler
                0x080069d0                Default_Handler
                0x080069d0                EXTI15_10_IRQHandler
                0x080069d0                ADC_IRQHandler
                0x080069d0                DMA1_Stream7_IRQHandler
                0x080069d0                SPI5_IRQHandler
                0x080069d0                TIM7_IRQHandler
                0x080069d0                CAN2_TX_IRQHandler
                0x080069d0                TIM5_IRQHandler
                0x080069d0                DMA2_Stream7_IRQHandler
                0x080069d0                I2C3_EV_IRQHandler
                0x080069d0                EXTI9_5_IRQHandler
                0x080069d0                RTC_WKUP_IRQHandler
                0x080069d0                LTDC_IRQHandler
                0x080069d0                ETH_WKUP_IRQHandler
                0x080069d0                SPI2_IRQHandler
                0x080069d0                OTG_HS_EP1_IN_IRQHandler
                0x080069d0                DMA1_Stream0_IRQHandler
                0x080069d0                CAN1_TX_IRQHandler
                0x080069d0                EXTI4_IRQHandler
                0x080069d0                ETH_IRQHandler
                0x080069d0                OTG_HS_EP1_OUT_IRQHandler
                0x080069d0                WWDG_IRQHandler
                0x080069d0                SPI6_IRQHandler
                0x080069d0                TIM2_IRQHandler
                0x080069d0                OTG_FS_WKUP_IRQHandler
                0x080069d0                TIM1_TRG_COM_TIM11_IRQHandler
                0x080069d0                OTG_HS_IRQHandler
                0x080069d0                DMA2D_IRQHandler
                0x080069d0                EXTI1_IRQHandler
                0x080069d0                UART7_IRQHandler
                0x080069d0                USART2_IRQHandler
                0x080069d0                I2C2_ER_IRQHandler
                0x080069d0                DMA2_Stream1_IRQHandler
                0x080069d0                CAN1_SCE_IRQHandler
                0x080069d0                FLASH_IRQHandler
                0x080069d0                DMA2_Stream4_IRQHandler
                0x080069d0                USART1_IRQHandler
                0x080069d0                OTG_FS_IRQHandler
                0x080069d0                SPI3_IRQHandler
                0x080069d0                DMA1_Stream4_IRQHandler
                0x080069d0                I2C1_ER_IRQHandler
                0x080069d0                FMC_IRQHandler
                0x080069d0                DMA2_Stream6_IRQHandler
                0x080069d0                SAI1_IRQHandler
                0x080069d0                DMA1_Stream3_IRQHandler
 .text.NMI_Handler
                0x080069d2        0xe ./Drivers/User/stm32f4xx_it.o
                0x080069d2                NMI_Handler
 .text.HardFault_Handler
                0x080069e0        0x8 ./Drivers/User/stm32f4xx_it.o
                0x080069e0                HardFault_Handler
 .text.MemManage_Handler
                0x080069e8        0x8 ./Drivers/User/stm32f4xx_it.o
                0x080069e8                MemManage_Handler
 .text.BusFault_Handler
                0x080069f0        0x8 ./Drivers/User/stm32f4xx_it.o
                0x080069f0                BusFault_Handler
 .text.UsageFault_Handler
                0x080069f8        0x8 ./Drivers/User/stm32f4xx_it.o
                0x080069f8                UsageFault_Handler
 .text.SVC_Handler
                0x08006a00        0xe ./Drivers/User/stm32f4xx_it.o
                0x08006a00                SVC_Handler
 .text.DebugMon_Handler
                0x08006a0e        0xe ./Drivers/User/stm32f4xx_it.o
                0x08006a0e                DebugMon_Handler
 .text.PendSV_Handler
                0x08006a1c        0xe ./Drivers/User/stm32f4xx_it.o
                0x08006a1c                PendSV_Handler
 .text.SysTick_Handler
                0x08006a2a        0xc ./Drivers/User/stm32f4xx_it.o
                0x08006a2a                SysTick_Handler
 .text.EXTI0_IRQHandler
                0x08006a36        0xe ./Drivers/User/stm32f4xx_it.o
                0x08006a36                EXTI0_IRQHandler
 .text.SystemInit
                0x08006a44       0x6c ./Drivers/User/system_stm32f4xx.o
                0x08006a44                SystemInit
 .text.initBoard
                0x08006ab0       0x28 ./Drivers/init.o
                0x08006ab0                initBoard
 .text.initGraphics
                0x08006ad8       0x50 ./Drivers/init.o
 .text.SystemClock_Config
                0x08006b28       0xa8 ./Drivers/init.o
 .text.main     0x08006bd0       0x74 ./src/main.o
                0x08006bd0                main
 .text.__libc_init_array
                0x08006c44       0x48 C:/ST/STM32CubeIDE_1.18.1/STM32CubeIDE/plugins/com.st.stm32cube.ide.mcu.externaltools.gnu-tools-for-stm32.13.3.rel1.win32_1.0.0.202411081344/tools/bin/../lib/gcc/arm-none-eabi/13.3.1/../../../../arm-none-eabi/lib/thumb/v7e-m+fp/hard\libc_nano.a(libc_a-init.o)
                0x08006c44                __libc_init_array
 *(.glue_7)
 .glue_7        0x08006c8c        0x0 linker stubs
 *(.glue_7t)
 .glue_7t       0x08006c8c        0x0 linker stubs
 *(.eh_frame)
 .eh_frame      0x08006c8c        0x0 C:/ST/STM32CubeIDE_1.18.1/STM32CubeIDE/plugins/com.st.stm32cube.ide.mcu.externaltools.gnu-tools-for-stm32.13.3.rel1.win32_1.0.0.202411081344/tools/bin/../lib/gcc/arm-none-eabi/13.3.1/thumb/v7e-m+fp/hard/crtbegin.o
 *(.init)
 .init          0x08006c8c        0x4 C:/ST/STM32CubeIDE_1.18.1/STM32CubeIDE/plugins/com.st.stm32cube.ide.mcu.externaltools.gnu-tools-for-stm32.13.3.rel1.win32_1.0.0.202411081344/tools/bin/../lib/gcc/arm-none-eabi/13.3.1/thumb/v7e-m+fp/hard/crti.o
                0x08006c8c                _init
 .init          0x08006c90        0x8 C:/ST/STM32CubeIDE_1.18.1/STM32CubeIDE/plugins/com.st.stm32cube.ide.mcu.externaltools.gnu-tools-for-stm32.13.3.rel1.win32_1.0.0.202411081344/tools/bin/../lib/gcc/arm-none-eabi/13.3.1/thumb/v7e-m+fp/hard/crtn.o
 *(.fini)
 .fini          0x08006c98        0x4 C:/ST/STM32CubeIDE_1.18.1/STM32CubeIDE/plugins/com.st.stm32cube.ide.mcu.externaltools.gnu-tools-for-stm32.13.3.rel1.win32_1.0.0.202411081344/tools/bin/../lib/gcc/arm-none-eabi/13.3.1/thumb/v7e-m+fp/hard/crti.o
                0x08006c98                _fini
 .fini          0x08006c9c        0x8 C:/ST/STM32CubeIDE_1.18.1/STM32CubeIDE/plugins/com.st.stm32cube.ide.mcu.externaltools.gnu-tools-for-stm32.13.3.rel1.win32_1.0.0.202411081344/tools/bin/../lib/gcc/arm-none-eabi/13.3.1/thumb/v7e-m+fp/hard/crtn.o
                0x08006ca4                        . = ALIGN (0x4)
                0x08006ca4                        _etext = .

.vfp11_veneer   0x08006ca4        0x0
 .vfp11_veneer  0x08006ca4        0x0 linker stubs

.v4_bx          0x08006ca4        0x0
 .v4_bx         0x08006ca4        0x0 linker stubs

.iplt           0x08006ca4        0x0
 .iplt          0x08006ca4        0x0 C:/ST/STM32CubeIDE_1.18.1/STM32CubeIDE/plugins/com.st.stm32cube.ide.mcu.externaltools.gnu-tools-for-stm32.13.3.rel1.win32_1.0.0.202411081344/tools/bin/../lib/gcc/arm-none-eabi/13.3.1/thumb/v7e-m+fp/hard/crtbegin.o

.rodata         0x08006ca4     0x1de4
                0x08006ca4                        . = ALIGN (0x4)
 *(.rodata)
 .rodata        0x08006ca4       0x10 ./src/main.o
 *(.rodata*)
 .rodata.GPIO_PIN
                0x08006cb4        0x4 ./Drivers/BSP/STM32F429I-Discovery/stm32f429i_discovery.o
                0x08006cb4                GPIO_PIN
 .rodata.Font24_Table
                0x08006cb8     0x1ab8 ./Drivers/BSP/STM32F429I-Discovery/stm32f429i_discovery_lcd.o
                0x08006cb8                Font24_Table
 .rodata.Font8_Table
                0x08008770      0x2f8 ./Drivers/BSP/STM32F429I-Discovery/stm32f429i_discovery_lcd.o
                0x08008770                Font8_Table
 .rodata.flagBitshiftOffset.0
                0x08008a68        0x8 ./Drivers/STM32F4xx_HAL_Driver/Src/stm32f4xx_hal_dma.o
 .rodata.AHBPrescTable
                0x08008a70       0x10 ./Drivers/User/system_stm32f4xx.o
                0x08008a70                AHBPrescTable
 .rodata.APBPrescTable
                0x08008a80        0x8 ./Drivers/User/system_stm32f4xx.o
                0x08008a80                APBPrescTable
                0x08008a88                        . = ALIGN (0x4)

.ARM.extab      0x08008a88        0x0
                0x08008a88                        . = ALIGN (0x4)
 *(.ARM.extab* .gnu.linkonce.armextab.*)
                0x08008a88                        . = ALIGN (0x4)

.ARM            0x08008a88        0x8
                0x08008a88                        . = ALIGN (0x4)
                0x08008a88                        __exidx_start = .
 *(.ARM.exidx*)
 .ARM.exidx     0x08008a88        0x8 C:/ST/STM32CubeIDE_1.18.1/STM32CubeIDE/plugins/com.st.stm32cube.ide.mcu.externaltools.gnu-tools-for-stm32.13.3.rel1.win32_1.0.0.202411081344/tools/bin/../lib/gcc/arm-none-eabi/13.3.1/thumb/v7e-m+fp/hard\libgcc.a(_udivmoddi4.o)
                0x08008a90                        __exidx_end = .
                0x08008a90                        . = ALIGN (0x4)

.rel.dyn        0x08008a90        0x0
 .rel.iplt      0x08008a90        0x0 C:/ST/STM32CubeIDE_1.18.1/STM32CubeIDE/plugins/com.st.stm32cube.ide.mcu.externaltools.gnu-tools-for-stm32.13.3.rel1.win32_1.0.0.202411081344/tools/bin/../lib/gcc/arm-none-eabi/13.3.1/thumb/v7e-m+fp/hard/crtbegin.o

.preinit_array  0x08008a90        0x0
                0x08008a90                        . = ALIGN (0x4)
                0x08008a90                        PROVIDE (__preinit_array_start = .)
 *(.preinit_array*)
                0x08008a90                        PROVIDE (__preinit_array_end = .)
                0x08008a90                        . = ALIGN (0x4)

.init_array     0x08008a90        0x4
                0x08008a90                        . = ALIGN (0x4)
                0x08008a90                        PROVIDE (__init_array_start = .)
 *(SORT_BY_NAME(.init_array.*))
 *(.init_array*)
 .init_array    0x08008a90        0x4 C:/ST/STM32CubeIDE_1.18.1/STM32CubeIDE/plugins/com.st.stm32cube.ide.mcu.externaltools.gnu-tools-for-stm32.13.3.rel1.win32_1.0.0.202411081344/tools/bin/../lib/gcc/arm-none-eabi/13.3.1/thumb/v7e-m+fp/hard/crtbegin.o
                0x08008a94                        PROVIDE (__init_array_end = .)
                0x08008a94                        . = ALIGN (0x4)

.fini_array     0x08008a94        0x4
                0x08008a94                        . = ALIGN (0x4)
                [!provide]                        PROVIDE (__fini_array_start = .)
 *(SORT_BY_NAME(.fini_array.*))
 *(.fini_array*)
 .fini_array    0x08008a94        0x4 C:/ST/STM32CubeIDE_1.18.1/STM32CubeIDE/plugins/com.st.stm32cube.ide.mcu.externaltools.gnu-tools-for-stm32.13.3.rel1.win32_1.0.0.202411081344/tools/bin/../lib/gcc/arm-none-eabi/13.3.1/thumb/v7e-m+fp/hard/crtbegin.o
                [!provide]                        PROVIDE (__fini_array_end = .)
                0x08008a98                        . = ALIGN (0x4)
                0x08008a98                        _sidata = LOADADDR (.data)

.data           0x20000000       0x94 load address 0x08008a98
                0x20000000                        . = ALIGN (0x4)
                0x20000000                        _sdata = .
 *(.data)
 *(.data*)
 .data.ili9341_drv
                0x20000000       0x38 ./Drivers/BSP/Components/ili9341/ili9341.o
                0x20000000                ili9341_drv
 .data.stmpe811_ts_drv
                0x20000038       0x28 ./Drivers/BSP/Components/stmpe811/stmpe811.o
                0x20000038                stmpe811_ts_drv
 .data.GPIO_PORT
                0x20000060        0x8 ./Drivers/BSP/STM32F429I-Discovery/stm32f429i_discovery.o
                0x20000060                GPIO_PORT
 .data.BUTTON_PORT
                0x20000068        0x4 ./Drivers/BSP/STM32F429I-Discovery/stm32f429i_discovery.o
                0x20000068                BUTTON_PORT
 .data.I2cxTimeout
                0x2000006c        0x4 ./Drivers/BSP/STM32F429I-Discovery/stm32f429i_discovery.o
                0x2000006c                I2cxTimeout
 .data.SpixTimeout
                0x20000070        0x4 ./Drivers/BSP/STM32F429I-Discovery/stm32f429i_discovery.o
                0x20000070                SpixTimeout
 .data.Font24   0x20000074        0x8 ./Drivers/BSP/STM32F429I-Discovery/stm32f429i_discovery_lcd.o
                0x20000074                Font24
 .data.Font8    0x2000007c        0x8 ./Drivers/BSP/STM32F429I-Discovery/stm32f429i_discovery_lcd.o
                0x2000007c                Font8
 .data.sdramstatus.2
                0x20000084        0x1 ./Drivers/BSP/STM32F429I-Discovery/stm32f429i_discovery_sdram.o
 *fill*         0x20000085        0x3 
 .data.uwTickPrio
                0x20000088        0x4 ./Drivers/STM32F4xx_HAL_Driver/Src/stm32f4xx_hal.o
                0x20000088                uwTickPrio
 .data.uwTickFreq
                0x2000008c        0x1 ./Drivers/STM32F4xx_HAL_Driver/Src/stm32f4xx_hal.o
                0x2000008c                uwTickFreq
 *fill*         0x2000008d        0x3 
 .data.SystemCoreClock
                0x20000090        0x4 ./Drivers/User/system_stm32f4xx.o
                0x20000090                SystemCoreClock
 *(.RamFunc)
 *(.RamFunc*)
                0x20000094                        . = ALIGN (0x4)
                0x20000094                        _edata = .
                0x08008b2c                        _siccmram = LOADADDR (.ccmram)

.igot.plt       0x20000094        0x0 load address 0x08008b2c
 .igot.plt      0x20000094        0x0 C:/ST/STM32CubeIDE_1.18.1/STM32CubeIDE/plugins/com.st.stm32cube.ide.mcu.externaltools.gnu-tools-for-stm32.13.3.rel1.win32_1.0.0.202411081344/tools/bin/../lib/gcc/arm-none-eabi/13.3.1/thumb/v7e-m+fp/hard/crtbegin.o

.ccmram         0x10000000        0x0 load address 0x08008b2c
                0x10000000                        . = ALIGN (0x4)
                0x10000000                        _sccmram = .
 *(.ccmram)
 *(.ccmram*)
                0x10000000                        . = ALIGN (0x4)
                0x10000000                        _eccmram = .
                0x10000000                        . = ALIGN (0x4)

.bss            0x20000094      0x2dc
                0x20000094                        _sbss = .
                0x20000094                        __bss_start__ = _sbss
 *(.bss)
 .bss           0x20000094       0x1c C:/ST/STM32CubeIDE_1.18.1/STM32CubeIDE/plugins/com.st.stm32cube.ide.mcu.externaltools.gnu-tools-for-stm32.13.3.rel1.win32_1.0.0.202411081344/tools/bin/../lib/gcc/arm-none-eabi/13.3.1/thumb/v7e-m+fp/hard/crtbegin.o
 *(.bss*)
 .bss.stmpe811  0x200000b0        0x2 ./Drivers/BSP/Components/stmpe811/stmpe811.o
                0x200000b0                stmpe811
 *fill*         0x200000b2        0x2 
 .bss.I2cHandle
                0x200000b4       0x54 ./Drivers/BSP/STM32F429I-Discovery/stm32f429i_discovery.o
                0x200000b4                I2cHandle
 .bss.SpiHandle
                0x20000108       0x58 ./Drivers/BSP/STM32F429I-Discovery/stm32f429i_discovery.o
 .bss.Is_LCD_IO_Initialized
                0x20000160        0x1 ./Drivers/BSP/STM32F429I-Discovery/stm32f429i_discovery.o
 *fill*         0x20000161        0x3 
 .bss.LtdcHandler
                0x20000164       0xa8 ./Drivers/BSP/STM32F429I-Discovery/stm32f429i_discovery_lcd.o
                0x20000164                LtdcHandler
 .bss.Dma2dHandler
                0x2000020c       0x40 ./Drivers/BSP/STM32F429I-Discovery/stm32f429i_discovery_lcd.o
 .bss.PeriphClkInitStruct
                0x2000024c       0x30 ./Drivers/BSP/STM32F429I-Discovery/stm32f429i_discovery_lcd.o
 .bss.ActiveLayer
                0x2000027c        0x4 ./Drivers/BSP/STM32F429I-Discovery/stm32f429i_discovery_lcd.o
 .bss.DrawProp  0x20000280       0x18 ./Drivers/BSP/STM32F429I-Discovery/stm32f429i_discovery_lcd.o
 .bss.LcdDrv    0x20000298        0x4 ./Drivers/BSP/STM32F429I-Discovery/stm32f429i_discovery_lcd.o
                0x20000298                LcdDrv
 .bss.SdramHandle
                0x2000029c       0x34 ./Drivers/BSP/STM32F429I-Discovery/stm32f429i_discovery_sdram.o
 .bss.Timing    0x200002d0       0x1c ./Drivers/BSP/STM32F429I-Discovery/stm32f429i_discovery_sdram.o
 .bss.Command   0x200002ec       0x10 ./Drivers/BSP/STM32F429I-Discovery/stm32f429i_discovery_sdram.o
 .bss.dmaHandle.1
                0x200002fc       0x60 ./Drivers/BSP/STM32F429I-Discovery/stm32f429i_discovery_sdram.o
 .bss.TsDrv     0x2000035c        0x4 ./Drivers/BSP/STM32F429I-Discovery/stm32f429i_discovery_ts.o
 .bss.TsXBoundary
                0x20000360        0x2 ./Drivers/BSP/STM32F429I-Discovery/stm32f429i_discovery_ts.o
 .bss.TsYBoundary
                0x20000362        0x2 ./Drivers/BSP/STM32F429I-Discovery/stm32f429i_discovery_ts.o
 .bss._x.1      0x20000364        0x4 ./Drivers/BSP/STM32F429I-Discovery/stm32f429i_discovery_ts.o
 .bss._y.0      0x20000368        0x4 ./Drivers/BSP/STM32F429I-Discovery/stm32f429i_discovery_ts.o
 .bss.uwTick    0x2000036c        0x4 ./Drivers/STM32F4xx_HAL_Driver/Src/stm32f4xx_hal.o
                0x2000036c                uwTick
 *(COMMON)
                0x20000370                        . = ALIGN (0x4)
                0x20000370                        _ebss = .
                0x20000370                        __bss_end__ = _ebss

._user_heap_stack
                0x20000370      0x600
                0x20000370                        . = ALIGN (0x8)
                [!provide]                        PROVIDE (end = .)
                0x20000370                        PROVIDE (_end = .)
                0x20000570                        . = (. + _Min_Heap_Size)
 *fill*         0x20000370      0x200 
                0x20000970                        . = (. + _Min_Stack_Size)
 *fill*         0x20000570      0x400 
                0x20000970                        . = ALIGN (0x8)

/DISCARD/
 libc.a(*)
 libm.a(*)
 libgcc.a(*)

.ARM.attributes
                0x00000000       0x30
 *(.ARM.attributes)
 .ARM.attributes
                0x00000000       0x22 C:/ST/STM32CubeIDE_1.18.1/STM32CubeIDE/plugins/com.st.stm32cube.ide.mcu.externaltools.gnu-tools-for-stm32.13.3.rel1.win32_1.0.0.202411081344/tools/bin/../lib/gcc/arm-none-eabi/13.3.1/thumb/v7e-m+fp/hard/crti.o
 .ARM.attributes
                0x00000022       0x34 C:/ST/STM32CubeIDE_1.18.1/STM32CubeIDE/plugins/com.st.stm32cube.ide.mcu.externaltools.gnu-tools-for-stm32.13.3.rel1.win32_1.0.0.202411081344/tools/bin/../lib/gcc/arm-none-eabi/13.3.1/thumb/v7e-m+fp/hard/crtbegin.o
 .ARM.attributes
                0x00000056       0x34 ./Drivers/BSP/Components/ili9341/ili9341.o
 .ARM.attributes
                0x0000008a       0x34 ./Drivers/BSP/Components/stmpe811/stmpe811.o
 .ARM.attributes
                0x000000be       0x34 ./Drivers/BSP/STM32F429I-Discovery/stm32f429i_discovery.o
 .ARM.attributes
                0x000000f2       0x34 ./Drivers/BSP/STM32F429I-Discovery/stm32f429i_discovery_lcd.o
 .ARM.attributes
                0x00000126       0x34 ./Drivers/BSP/STM32F429I-Discovery/stm32f429i_discovery_sdram.o
 .ARM.attributes
                0x0000015a       0x34 ./Drivers/BSP/STM32F429I-Discovery/stm32f429i_discovery_ts.o
 .ARM.attributes
                0x0000018e       0x34 ./Drivers/STM32F4xx_HAL_Driver/Src/stm32f4xx_hal.o
 .ARM.attributes
                0x000001c2       0x34 ./Drivers/STM32F4xx_HAL_Driver/Src/stm32f4xx_hal_cortex.o
 .ARM.attributes
                0x000001f6       0x34 ./Drivers/STM32F4xx_HAL_Driver/Src/stm32f4xx_hal_dma.o
 .ARM.attributes
                0x0000022a       0x34 ./Drivers/STM32F4xx_HAL_Driver/Src/stm32f4xx_hal_dma2d.o
 .ARM.attributes
                0x0000025e       0x34 ./Drivers/STM32F4xx_HAL_Driver/Src/stm32f4xx_hal_gpio.o
 .ARM.attributes
                0x00000292       0x34 ./Drivers/STM32F4xx_HAL_Driver/Src/stm32f4xx_hal_i2c.o
 .ARM.attributes
                0x000002c6       0x34 ./Drivers/STM32F4xx_HAL_Driver/Src/stm32f4xx_hal_ltdc.o
 .ARM.attributes
                0x000002fa       0x34 ./Drivers/STM32F4xx_HAL_Driver/Src/stm32f4xx_hal_msp_template.o
 .ARM.attributes
                0x0000032e       0x34 ./Drivers/STM32F4xx_HAL_Driver/Src/stm32f4xx_hal_pwr_ex.o
 .ARM.attributes
                0x00000362       0x34 ./Drivers/STM32F4xx_HAL_Driver/Src/stm32f4xx_hal_rcc.o
 .ARM.attributes
                0x00000396       0x34 ./Drivers/STM32F4xx_HAL_Driver/Src/stm32f4xx_hal_rcc_ex.o
 .ARM.attributes
                0x000003ca       0x34 ./Drivers/STM32F4xx_HAL_Driver/Src/stm32f4xx_hal_sdram.o
 .ARM.attributes
                0x000003fe       0x34 ./Drivers/STM32F4xx_HAL_Driver/Src/stm32f4xx_hal_spi.o
 .ARM.attributes
                0x00000432       0x34 ./Drivers/STM32F4xx_HAL_Driver/Src/stm32f4xx_ll_fmc.o
 .ARM.attributes
                0x00000466       0x21 ./Drivers/Startup/startup_stm32f429zitx.o
 .ARM.attributes
                0x00000487       0x34 ./Drivers/User/stm32f4xx_it.o
 .ARM.attributes
                0x000004bb       0x34 ./Drivers/User/system_stm32f4xx.o
 .ARM.attributes
                0x000004ef       0x34 ./Drivers/init.o
 .ARM.attributes
                0x00000523       0x34 ./src/main.o
 .ARM.attributes
                0x00000557       0x34 C:/ST/STM32CubeIDE_1.18.1/STM32CubeIDE/plugins/com.st.stm32cube.ide.mcu.externaltools.gnu-tools-for-stm32.13.3.rel1.win32_1.0.0.202411081344/tools/bin/../lib/gcc/arm-none-eabi/13.3.1/../../../../arm-none-eabi/lib/thumb/v7e-m+fp/hard\libc_nano.a(libc_a-init.o)
 .ARM.attributes
                0x0000058b       0x22 C:/ST/STM32CubeIDE_1.18.1/STM32CubeIDE/plugins/com.st.stm32cube.ide.mcu.externaltools.gnu-tools-for-stm32.13.3.rel1.win32_1.0.0.202411081344/tools/bin/../lib/gcc/arm-none-eabi/13.3.1/thumb/v7e-m+fp/hard\libgcc.a(_aeabi_uldivmod.o)
 .ARM.attributes
                0x000005ad       0x34 C:/ST/STM32CubeIDE_1.18.1/STM32CubeIDE/plugins/com.st.stm32cube.ide.mcu.externaltools.gnu-tools-for-stm32.13.3.rel1.win32_1.0.0.202411081344/tools/bin/../lib/gcc/arm-none-eabi/13.3.1/thumb/v7e-m+fp/hard\libgcc.a(_udivmoddi4.o)
 .ARM.attributes
                0x000005e1       0x22 C:/ST/STM32CubeIDE_1.18.1/STM32CubeIDE/plugins/com.st.stm32cube.ide.mcu.externaltools.gnu-tools-for-stm32.13.3.rel1.win32_1.0.0.202411081344/tools/bin/../lib/gcc/arm-none-eabi/13.3.1/thumb/v7e-m+fp/hard\libgcc.a(_dvmd_tls.o)
 .ARM.attributes
                0x00000603       0x22 C:/ST/STM32CubeIDE_1.18.1/STM32CubeIDE/plugins/com.st.stm32cube.ide.mcu.externaltools.gnu-tools-for-stm32.13.3.rel1.win32_1.0.0.202411081344/tools/bin/../lib/gcc/arm-none-eabi/13.3.1/thumb/v7e-m+fp/hard/crtn.o
OUTPUT(BSP.elf elf32-littlearm)
LOAD linker stubs
LOAD C:/ST/STM32CubeIDE_1.18.1/STM32CubeIDE/plugins/com.st.stm32cube.ide.mcu.externaltools.gnu-tools-for-stm32.13.3.rel1.win32_1.0.0.202411081344/tools/bin/../lib/gcc/arm-none-eabi/13.3.1/../../../../arm-none-eabi/lib/thumb/v7e-m+fp/hard\libc.a
LOAD C:/ST/STM32CubeIDE_1.18.1/STM32CubeIDE/plugins/com.st.stm32cube.ide.mcu.externaltools.gnu-tools-for-stm32.13.3.rel1.win32_1.0.0.202411081344/tools/bin/../lib/gcc/arm-none-eabi/13.3.1/../../../../arm-none-eabi/lib/thumb/v7e-m+fp/hard\libm.a
LOAD C:/ST/STM32CubeIDE_1.18.1/STM32CubeIDE/plugins/com.st.stm32cube.ide.mcu.externaltools.gnu-tools-for-stm32.13.3.rel1.win32_1.0.0.202411081344/tools/bin/../lib/gcc/arm-none-eabi/13.3.1/thumb/v7e-m+fp/hard\libgcc.a

.debug_info     0x00000000    0x12e27
 .debug_info    0x00000000      0x384 ./Drivers/BSP/Components/ili9341/ili9341.o
 .debug_info    0x00000384      0xbec ./Drivers/BSP/Components/stmpe811/stmpe811.o
 .debug_info    0x00000f70     0x198b ./Drivers/BSP/STM32F429I-Discovery/stm32f429i_discovery.o
 .debug_info    0x000028fb     0x248e ./Drivers/BSP/STM32F429I-Discovery/stm32f429i_discovery_lcd.o
 .debug_info    0x00004d89     0x1010 ./Drivers/BSP/STM32F429I-Discovery/stm32f429i_discovery_sdram.o
 .debug_info    0x00005d99      0x363 ./Drivers/BSP/STM32F429I-Discovery/stm32f429i_discovery_ts.o
 .debug_info    0x000060fc      0x9ba ./Drivers/STM32F4xx_HAL_Driver/Src/stm32f4xx_hal.o
 .debug_info    0x00006ab6      0xd8d ./Drivers/STM32F4xx_HAL_Driver/Src/stm32f4xx_hal_cortex.o
 .debug_info    0x00007843      0x8e7 ./Drivers/STM32F4xx_HAL_Driver/Src/stm32f4xx_hal_dma.o
 .debug_info    0x0000812a      0xe6e ./Drivers/STM32F4xx_HAL_Driver/Src/stm32f4xx_hal_dma2d.o
 .debug_info    0x00008f98      0x6db ./Drivers/STM32F4xx_HAL_Driver/Src/stm32f4xx_hal_gpio.o
 .debug_info    0x00009673     0x2421 ./Drivers/STM32F4xx_HAL_Driver/Src/stm32f4xx_hal_i2c.o
 .debug_info    0x0000ba94     0x1022 ./Drivers/STM32F4xx_HAL_Driver/Src/stm32f4xx_hal_ltdc.o
 .debug_info    0x0000cab6       0xb8 ./Drivers/STM32F4xx_HAL_Driver/Src/stm32f4xx_hal_msp_template.o
 .debug_info    0x0000cb6e      0x6be ./Drivers/STM32F4xx_HAL_Driver/Src/stm32f4xx_hal_pwr_ex.o
 .debug_info    0x0000d22c      0x8c9 ./Drivers/STM32F4xx_HAL_Driver/Src/stm32f4xx_hal_rcc.o
 .debug_info    0x0000daf5      0x651 ./Drivers/STM32F4xx_HAL_Driver/Src/stm32f4xx_hal_rcc_ex.o
 .debug_info    0x0000e146      0xeb4 ./Drivers/STM32F4xx_HAL_Driver/Src/stm32f4xx_hal_sdram.o
 .debug_info    0x0000effa     0x172f ./Drivers/STM32F4xx_HAL_Driver/Src/stm32f4xx_hal_spi.o
 .debug_info    0x00010729      0xe08 ./Drivers/STM32F4xx_HAL_Driver/Src/stm32f4xx_ll_fmc.o
 .debug_info    0x00011531       0x30 ./Drivers/Startup/startup_stm32f429zitx.o
 .debug_info    0x00011561      0x158 ./Drivers/User/stm32f4xx_it.o
 .debug_info    0x000116b9      0x527 ./Drivers/User/system_stm32f4xx.o
 .debug_info    0x00011be0      0x651 ./Drivers/init.o
 .debug_info    0x00012231      0xbf6 ./src/main.o

.debug_abbrev   0x00000000     0x315d
 .debug_abbrev  0x00000000      0x194 ./Drivers/BSP/Components/ili9341/ili9341.o
 .debug_abbrev  0x00000194      0x259 ./Drivers/BSP/Components/stmpe811/stmpe811.o
 .debug_abbrev  0x000003ed      0x2fc ./Drivers/BSP/STM32F429I-Discovery/stm32f429i_discovery.o
 .debug_abbrev  0x000006e9      0x33f ./Drivers/BSP/STM32F429I-Discovery/stm32f429i_discovery_lcd.o
 .debug_abbrev  0x00000a28      0x286 ./Drivers/BSP/STM32F429I-Discovery/stm32f429i_discovery_sdram.o
 .debug_abbrev  0x00000cae      0x165 ./Drivers/BSP/STM32F429I-Discovery/stm32f429i_discovery_ts.o
 .debug_abbrev  0x00000e13      0x214 ./Drivers/STM32F4xx_HAL_Driver/Src/stm32f4xx_hal.o
 .debug_abbrev  0x00001027      0x328 ./Drivers/STM32F4xx_HAL_Driver/Src/stm32f4xx_hal_cortex.o
 .debug_abbrev  0x0000134f      0x264 ./Drivers/STM32F4xx_HAL_Driver/Src/stm32f4xx_hal_dma.o
 .debug_abbrev  0x000015b3      0x23e ./Drivers/STM32F4xx_HAL_Driver/Src/stm32f4xx_hal_dma2d.o
 .debug_abbrev  0x000017f1      0x1d4 ./Drivers/STM32F4xx_HAL_Driver/Src/stm32f4xx_hal_gpio.o
 .debug_abbrev  0x000019c5      0x2ad ./Drivers/STM32F4xx_HAL_Driver/Src/stm32f4xx_hal_i2c.o
 .debug_abbrev  0x00001c72      0x233 ./Drivers/STM32F4xx_HAL_Driver/Src/stm32f4xx_hal_ltdc.o
 .debug_abbrev  0x00001ea5       0x47 ./Drivers/STM32F4xx_HAL_Driver/Src/stm32f4xx_hal_msp_template.o
 .debug_abbrev  0x00001eec      0x1cf ./Drivers/STM32F4xx_HAL_Driver/Src/stm32f4xx_hal_pwr_ex.o
 .debug_abbrev  0x000020bb      0x2b6 ./Drivers/STM32F4xx_HAL_Driver/Src/stm32f4xx_hal_rcc.o
 .debug_abbrev  0x00002371      0x1af ./Drivers/STM32F4xx_HAL_Driver/Src/stm32f4xx_hal_rcc_ex.o
 .debug_abbrev  0x00002520      0x240 ./Drivers/STM32F4xx_HAL_Driver/Src/stm32f4xx_hal_sdram.o
 .debug_abbrev  0x00002760      0x284 ./Drivers/STM32F4xx_HAL_Driver/Src/stm32f4xx_hal_spi.o
 .debug_abbrev  0x000029e4      0x1ab ./Drivers/STM32F4xx_HAL_Driver/Src/stm32f4xx_ll_fmc.o
 .debug_abbrev  0x00002b8f       0x24 ./Drivers/Startup/startup_stm32f429zitx.o
 .debug_abbrev  0x00002bb3       0xa0 ./Drivers/User/stm32f4xx_it.o
 .debug_abbrev  0x00002c53      0x11a ./Drivers/User/system_stm32f4xx.o
 .debug_abbrev  0x00002d6d      0x208 ./Drivers/init.o
 .debug_abbrev  0x00002f75      0x1e8 ./src/main.o

.debug_aranges  0x00000000     0x1378
 .debug_aranges
                0x00000000       0x60 ./Drivers/BSP/Components/ili9341/ili9341.o
 .debug_aranges
                0x00000060      0x128 ./Drivers/BSP/Components/stmpe811/stmpe811.o
 .debug_aranges
                0x00000188      0x138 ./Drivers/BSP/STM32F429I-Discovery/stm32f429i_discovery.o
 .debug_aranges
                0x000002c0      0x1a8 ./Drivers/BSP/STM32F429I-Discovery/stm32f429i_discovery_lcd.o
 .debug_aranges
                0x00000468       0x68 ./Drivers/BSP/STM32F429I-Discovery/stm32f429i_discovery_sdram.o
 .debug_aranges
                0x000004d0       0x40 ./Drivers/BSP/STM32F429I-Discovery/stm32f429i_discovery_ts.o
 .debug_aranges
                0x00000510      0x100 ./Drivers/STM32F4xx_HAL_Driver/Src/stm32f4xx_hal.o
 .debug_aranges
                0x00000610      0x120 ./Drivers/STM32F4xx_HAL_Driver/Src/stm32f4xx_hal_cortex.o
 .debug_aranges
                0x00000730       0x90 ./Drivers/STM32F4xx_HAL_Driver/Src/stm32f4xx_hal_dma.o
 .debug_aranges
                0x000007c0      0x118 ./Drivers/STM32F4xx_HAL_Driver/Src/stm32f4xx_hal_dma2d.o
 .debug_aranges
                0x000008d8       0x58 ./Drivers/STM32F4xx_HAL_Driver/Src/stm32f4xx_hal_gpio.o
 .debug_aranges
                0x00000930      0x2a8 ./Drivers/STM32F4xx_HAL_Driver/Src/stm32f4xx_hal_i2c.o
 .debug_aranges
                0x00000bd8      0x158 ./Drivers/STM32F4xx_HAL_Driver/Src/stm32f4xx_hal_ltdc.o
 .debug_aranges
                0x00000d30       0x38 ./Drivers/STM32F4xx_HAL_Driver/Src/stm32f4xx_hal_msp_template.o
 .debug_aranges
                0x00000d68       0x60 ./Drivers/STM32F4xx_HAL_Driver/Src/stm32f4xx_hal_pwr_ex.o
 .debug_aranges
                0x00000dc8       0x88 ./Drivers/STM32F4xx_HAL_Driver/Src/stm32f4xx_hal_rcc.o
 .debug_aranges
                0x00000e50       0x58 ./Drivers/STM32F4xx_HAL_Driver/Src/stm32f4xx_hal_rcc_ex.o
 .debug_aranges
                0x00000ea8       0xe8 ./Drivers/STM32F4xx_HAL_Driver/Src/stm32f4xx_hal_sdram.o
 .debug_aranges
                0x00000f90      0x1f0 ./Drivers/STM32F4xx_HAL_Driver/Src/stm32f4xx_hal_spi.o
 .debug_aranges
                0x00001180       0xf0 ./Drivers/STM32F4xx_HAL_Driver/Src/stm32f4xx_ll_fmc.o
 .debug_aranges
                0x00001270       0x28 ./Drivers/Startup/startup_stm32f429zitx.o
 .debug_aranges
                0x00001298       0x68 ./Drivers/User/stm32f4xx_it.o
 .debug_aranges
                0x00001300       0x28 ./Drivers/User/system_stm32f4xx.o
 .debug_aranges
                0x00001328       0x30 ./Drivers/init.o
 .debug_aranges
                0x00001358       0x20 ./src/main.o

.debug_rnglists
                0x00000000      0xee5
 .debug_rnglists
                0x00000000       0x44 ./Drivers/BSP/Components/ili9341/ili9341.o
 .debug_rnglists
                0x00000044       0xdc ./Drivers/BSP/Components/stmpe811/stmpe811.o
 .debug_rnglists
                0x00000120       0xea ./Drivers/BSP/STM32F429I-Discovery/stm32f429i_discovery.o
 .debug_rnglists
                0x0000020a      0x14d ./Drivers/BSP/STM32F429I-Discovery/stm32f429i_discovery_lcd.o
 .debug_rnglists
                0x00000357       0x4c ./Drivers/BSP/STM32F429I-Discovery/stm32f429i_discovery_sdram.o
 .debug_rnglists
                0x000003a3       0x2c ./Drivers/BSP/STM32F429I-Discovery/stm32f429i_discovery_ts.o
 .debug_rnglists
                0x000003cf       0xbb ./Drivers/STM32F4xx_HAL_Driver/Src/stm32f4xx_hal.o
 .debug_rnglists
                0x0000048a       0xd4 ./Drivers/STM32F4xx_HAL_Driver/Src/stm32f4xx_hal_cortex.o
 .debug_rnglists
                0x0000055e       0x70 ./Drivers/STM32F4xx_HAL_Driver/Src/stm32f4xx_hal_dma.o
 .debug_rnglists
                0x000005ce       0xdc ./Drivers/STM32F4xx_HAL_Driver/Src/stm32f4xx_hal_dma2d.o
 .debug_rnglists
                0x000006aa       0x3f ./Drivers/STM32F4xx_HAL_Driver/Src/stm32f4xx_hal_gpio.o
 .debug_rnglists
                0x000006e9      0x23c ./Drivers/STM32F4xx_HAL_Driver/Src/stm32f4xx_hal_i2c.o
 .debug_rnglists
                0x00000925      0x10a ./Drivers/STM32F4xx_HAL_Driver/Src/stm32f4xx_hal_ltdc.o
 .debug_rnglists
                0x00000a2f       0x25 ./Drivers/STM32F4xx_HAL_Driver/Src/stm32f4xx_hal_msp_template.o
 .debug_rnglists
                0x00000a54       0x47 ./Drivers/STM32F4xx_HAL_Driver/Src/stm32f4xx_hal_pwr_ex.o
 .debug_rnglists
                0x00000a9b       0x66 ./Drivers/STM32F4xx_HAL_Driver/Src/stm32f4xx_hal_rcc.o
 .debug_rnglists
                0x00000b01       0x43 ./Drivers/STM32F4xx_HAL_Driver/Src/stm32f4xx_hal_rcc_ex.o
 .debug_rnglists
                0x00000b44       0xb1 ./Drivers/STM32F4xx_HAL_Driver/Src/stm32f4xx_hal_sdram.o
 .debug_rnglists
                0x00000bf5      0x18c ./Drivers/STM32F4xx_HAL_Driver/Src/stm32f4xx_hal_spi.o
 .debug_rnglists
                0x00000d81       0xb5 ./Drivers/STM32F4xx_HAL_Driver/Src/stm32f4xx_ll_fmc.o
 .debug_rnglists
                0x00000e36       0x19 ./Drivers/Startup/startup_stm32f429zitx.o
 .debug_rnglists
                0x00000e4f       0x49 ./Drivers/User/stm32f4xx_it.o
 .debug_rnglists
                0x00000e98       0x1a ./Drivers/User/system_stm32f4xx.o
 .debug_rnglists
                0x00000eb2       0x20 ./Drivers/init.o
 .debug_rnglists
                0x00000ed2       0x13 ./src/main.o

.debug_macro    0x00000000    0x27940
 .debug_macro   0x00000000       0x7c ./Drivers/BSP/Components/ili9341/ili9341.o
 .debug_macro   0x0000007c      0x25c ./Drivers/BSP/Components/ili9341/ili9341.o
 .debug_macro   0x000002d8       0x8c ./Drivers/BSP/Components/stmpe811/stmpe811.o
 .debug_macro   0x00000364      0x244 ./Drivers/BSP/Components/stmpe811/stmpe811.o
 .debug_macro   0x000005a8      0x230 ./Drivers/BSP/STM32F429I-Discovery/stm32f429i_discovery.o
 .debug_macro   0x000007d8      0x1b7 ./Drivers/BSP/STM32F429I-Discovery/stm32f429i_discovery.o
 .debug_macro   0x0000098f       0x2e ./Drivers/BSP/STM32F429I-Discovery/stm32f429i_discovery.o
 .debug_macro   0x000009bd       0x28 ./Drivers/BSP/STM32F429I-Discovery/stm32f429i_discovery.o
 .debug_macro   0x000009e5       0x1c ./Drivers/BSP/STM32F429I-Discovery/stm32f429i_discovery.o
 .debug_macro   0x00000a01       0x22 ./Drivers/BSP/STM32F429I-Discovery/stm32f429i_discovery.o
 .debug_macro   0x00000a23       0xfb ./Drivers/BSP/STM32F429I-Discovery/stm32f429i_discovery.o
 .debug_macro   0x00000b1e     0x1011 ./Drivers/BSP/STM32F429I-Discovery/stm32f429i_discovery.o
 .debug_macro   0x00001b2f      0x11f ./Drivers/BSP/STM32F429I-Discovery/stm32f429i_discovery.o
 .debug_macro   0x00001c4e    0x17fd8 ./Drivers/BSP/STM32F429I-Discovery/stm32f429i_discovery.o
 .debug_macro   0x00019c26       0x6d ./Drivers/BSP/STM32F429I-Discovery/stm32f429i_discovery.o
 .debug_macro   0x00019c93     0x3703 ./Drivers/BSP/STM32F429I-Discovery/stm32f429i_discovery.o
 .debug_macro   0x0001d396      0x190 ./Drivers/BSP/STM32F429I-Discovery/stm32f429i_discovery.o
 .debug_macro   0x0001d526       0x5c ./Drivers/BSP/STM32F429I-Discovery/stm32f429i_discovery.o
 .debug_macro   0x0001d582      0xcba ./Drivers/BSP/STM32F429I-Discovery/stm32f429i_discovery.o
 .debug_macro   0x0001e23c      0x9e9 ./Drivers/BSP/STM32F429I-Discovery/stm32f429i_discovery.o
 .debug_macro   0x0001ec25      0x115 ./Drivers/BSP/STM32F429I-Discovery/stm32f429i_discovery.o
 .debug_macro   0x0001ed3a      0x156 ./Drivers/BSP/STM32F429I-Discovery/stm32f429i_discovery.o
 .debug_macro   0x0001ee90       0xa5 ./Drivers/BSP/STM32F429I-Discovery/stm32f429i_discovery.o
 .debug_macro   0x0001ef35      0x287 ./Drivers/BSP/STM32F429I-Discovery/stm32f429i_discovery.o
 .debug_macro   0x0001f1bc       0x5f ./Drivers/BSP/STM32F429I-Discovery/stm32f429i_discovery.o
 .debug_macro   0x0001f21b      0x236 ./Drivers/BSP/STM32F429I-Discovery/stm32f429i_discovery.o
 .debug_macro   0x0001f451      0x208 ./Drivers/BSP/STM32F429I-Discovery/stm32f429i_discovery.o
 .debug_macro   0x0001f659      0x132 ./Drivers/BSP/STM32F429I-Discovery/stm32f429i_discovery.o
 .debug_macro   0x0001f78b      0x41d ./Drivers/BSP/STM32F429I-Discovery/stm32f429i_discovery.o
 .debug_macro   0x0001fba8       0x2e ./Drivers/BSP/STM32F429I-Discovery/stm32f429i_discovery.o
 .debug_macro   0x0001fbd6      0x556 ./Drivers/BSP/STM32F429I-Discovery/stm32f429i_discovery.o
 .debug_macro   0x0002012c      0x1b5 ./Drivers/BSP/STM32F429I-Discovery/stm32f429i_discovery.o
 .debug_macro   0x000202e1       0x22 ./Drivers/BSP/STM32F429I-Discovery/stm32f429i_discovery.o
 .debug_macro   0x00020303       0xd6 ./Drivers/BSP/STM32F429I-Discovery/stm32f429i_discovery.o
 .debug_macro   0x000203d9      0x198 ./Drivers/BSP/STM32F429I-Discovery/stm32f429i_discovery.o
 .debug_macro   0x00020571       0xd6 ./Drivers/BSP/STM32F429I-Discovery/stm32f429i_discovery.o
 .debug_macro   0x00020647      0x127 ./Drivers/BSP/STM32F429I-Discovery/stm32f429i_discovery.o
 .debug_macro   0x0002076e       0xe2 ./Drivers/BSP/STM32F429I-Discovery/stm32f429i_discovery.o
 .debug_macro   0x00020850       0x89 ./Drivers/BSP/STM32F429I-Discovery/stm32f429i_discovery.o
 .debug_macro   0x000208d9      0x225 ./Drivers/BSP/STM32F429I-Discovery/stm32f429i_discovery.o
 .debug_macro   0x00020afe      0x134 ./Drivers/BSP/STM32F429I-Discovery/stm32f429i_discovery.o
 .debug_macro   0x00020c32      0x252 ./Drivers/BSP/STM32F429I-Discovery/stm32f429i_discovery.o
 .debug_macro   0x00020e84      0x276 ./Drivers/BSP/STM32F429I-Discovery/stm32f429i_discovery_lcd.o
 .debug_macro   0x000210fa       0xa6 ./Drivers/BSP/STM32F429I-Discovery/stm32f429i_discovery_lcd.o
 .debug_macro   0x000211a0       0x10 ./Drivers/BSP/STM32F429I-Discovery/stm32f429i_discovery_lcd.o
 .debug_macro   0x000211b0      0x113 ./Drivers/BSP/STM32F429I-Discovery/stm32f429i_discovery_lcd.o
 .debug_macro   0x000212c3      0x221 ./Drivers/BSP/STM32F429I-Discovery/stm32f429i_discovery_sdram.o
 .debug_macro   0x000214e4       0xa0 ./Drivers/BSP/STM32F429I-Discovery/stm32f429i_discovery_sdram.o
 .debug_macro   0x00021584      0x24d ./Drivers/BSP/STM32F429I-Discovery/stm32f429i_discovery_ts.o
 .debug_macro   0x000217d1       0x1c ./Drivers/BSP/STM32F429I-Discovery/stm32f429i_discovery_ts.o
 .debug_macro   0x000217ed       0x40 ./Drivers/BSP/STM32F429I-Discovery/stm32f429i_discovery_ts.o
 .debug_macro   0x0002182d      0x263 ./Drivers/STM32F4xx_HAL_Driver/Src/stm32f4xx_hal.o
 .debug_macro   0x00021a90      0x203 ./Drivers/STM32F4xx_HAL_Driver/Src/stm32f4xx_hal_cortex.o
 .debug_macro   0x00021c93      0x209 ./Drivers/STM32F4xx_HAL_Driver/Src/stm32f4xx_hal_dma.o
 .debug_macro   0x00021e9c      0x212 ./Drivers/STM32F4xx_HAL_Driver/Src/stm32f4xx_hal_dma2d.o
 .debug_macro   0x000220ae      0x209 ./Drivers/STM32F4xx_HAL_Driver/Src/stm32f4xx_hal_gpio.o
 .debug_macro   0x000222b7      0x251 ./Drivers/STM32F4xx_HAL_Driver/Src/stm32f4xx_hal_i2c.o
 .debug_macro   0x00022508      0x20b ./Drivers/STM32F4xx_HAL_Driver/Src/stm32f4xx_hal_ltdc.o
 .debug_macro   0x00022713      0x203 ./Drivers/STM32F4xx_HAL_Driver/Src/stm32f4xx_hal_msp_template.o
 .debug_macro   0x00022916      0x21b ./Drivers/STM32F4xx_HAL_Driver/Src/stm32f4xx_hal_pwr_ex.o
 .debug_macro   0x00022b31      0x227 ./Drivers/STM32F4xx_HAL_Driver/Src/stm32f4xx_hal_rcc.o
 .debug_macro   0x00022d58      0x203 ./Drivers/STM32F4xx_HAL_Driver/Src/stm32f4xx_hal_rcc_ex.o
 .debug_macro   0x00022f5b      0x203 ./Drivers/STM32F4xx_HAL_Driver/Src/stm32f4xx_hal_sdram.o
 .debug_macro   0x0002315e      0x212 ./Drivers/STM32F4xx_HAL_Driver/Src/stm32f4xx_hal_spi.o
 .debug_macro   0x00023370      0x24c ./Drivers/STM32F4xx_HAL_Driver/Src/stm32f4xx_ll_fmc.o
 .debug_macro   0x000235bc      0x39a ./Drivers/User/stm32f4xx_it.o
 .debug_macro   0x00023956       0x5b ./Drivers/User/stm32f4xx_it.o
 .debug_macro   0x000239b1       0x2a ./Drivers/User/stm32f4xx_it.o
 .debug_macro   0x000239db       0x94 ./Drivers/User/stm32f4xx_it.o
 .debug_macro   0x00023a6f       0x43 ./Drivers/User/stm32f4xx_it.o
 .debug_macro   0x00023ab2       0x34 ./Drivers/User/stm32f4xx_it.o
 .debug_macro   0x00023ae6       0x16 ./Drivers/User/stm32f4xx_it.o
 .debug_macro   0x00023afc       0x57 ./Drivers/User/stm32f4xx_it.o
 .debug_macro   0x00023b53       0x9e ./Drivers/User/stm32f4xx_it.o
 .debug_macro   0x00023bf1      0x370 ./Drivers/User/stm32f4xx_it.o
 .debug_macro   0x00023f61      0x112 ./Drivers/User/stm32f4xx_it.o
 .debug_macro   0x00024073       0x10 ./Drivers/User/stm32f4xx_it.o
 .debug_macro   0x00024083       0x16 ./Drivers/User/stm32f4xx_it.o
 .debug_macro   0x00024099       0x4a ./Drivers/User/stm32f4xx_it.o
 .debug_macro   0x000240e3       0x34 ./Drivers/User/stm32f4xx_it.o
 .debug_macro   0x00024117       0x10 ./Drivers/User/stm32f4xx_it.o
 .debug_macro   0x00024127       0x58 ./Drivers/User/stm32f4xx_it.o
 .debug_macro   0x0002417f       0x8e ./Drivers/User/stm32f4xx_it.o
 .debug_macro   0x0002420d       0x1c ./Drivers/User/stm32f4xx_it.o
 .debug_macro   0x00024229      0x185 ./Drivers/User/stm32f4xx_it.o
 .debug_macro   0x000243ae       0x16 ./Drivers/User/stm32f4xx_it.o
 .debug_macro   0x000243c4       0x16 ./Drivers/User/stm32f4xx_it.o
 .debug_macro   0x000243da      0x146 ./Drivers/User/stm32f4xx_it.o
 .debug_macro   0x00024520       0x56 ./Drivers/User/stm32f4xx_it.o
 .debug_macro   0x00024576       0xe0 ./Drivers/User/system_stm32f4xx.o
 .debug_macro   0x00024656      0x27c ./Drivers/init.o
 .debug_macro   0x000248d2      0x258 ./Drivers/init.o
 .debug_macro   0x00024b2a      0x385 ./src/main.o
 .debug_macro   0x00024eaf      0xbb0 ./src/main.o
 .debug_macro   0x00025a5f       0x1c ./src/main.o
 .debug_macro   0x00025a7b     0x1011 ./src/main.o
 .debug_macro   0x00026a8c      0x197 ./src/main.o
 .debug_macro   0x00026c23      0x1f2 ./src/main.o
 .debug_macro   0x00026e15       0x10 ./src/main.o
 .debug_macro   0x00026e25      0x409 ./src/main.o
 .debug_macro   0x0002722e       0x61 ./src/main.o
 .debug_macro   0x0002728f       0x34 ./src/main.o
 .debug_macro   0x000272c3       0x3c ./src/main.o
 .debug_macro   0x000272ff      0x38c ./src/main.o
 .debug_macro   0x0002768b       0x4a ./src/main.o
 .debug_macro   0x000276d5       0x16 ./src/main.o
 .debug_macro   0x000276eb      0x138 ./src/main.o
 .debug_macro   0x00027823      0x11d ./src/main.o

.debug_line     0x00000000    0x18713
 .debug_line    0x00000000      0x59b ./Drivers/BSP/Components/ili9341/ili9341.o
 .debug_line    0x0000059b      0x95c ./Drivers/BSP/Components/stmpe811/stmpe811.o
 .debug_line    0x00000ef7      0xdf0 ./Drivers/BSP/STM32F429I-Discovery/stm32f429i_discovery.o
 .debug_line    0x00001ce7     0x188d ./Drivers/BSP/STM32F429I-Discovery/stm32f429i_discovery_lcd.o
 .debug_line    0x00003574      0xab9 ./Drivers/BSP/STM32F429I-Discovery/stm32f429i_discovery_sdram.o
 .debug_line    0x0000402d      0xb01 ./Drivers/BSP/STM32F429I-Discovery/stm32f429i_discovery_ts.o
 .debug_line    0x00004b2e      0xbce ./Drivers/STM32F4xx_HAL_Driver/Src/stm32f4xx_hal.o
 .debug_line    0x000056fc      0xe3e ./Drivers/STM32F4xx_HAL_Driver/Src/stm32f4xx_hal_cortex.o
 .debug_line    0x0000653a     0x1104 ./Drivers/STM32F4xx_HAL_Driver/Src/stm32f4xx_hal_dma.o
 .debug_line    0x0000763e     0x12ad ./Drivers/STM32F4xx_HAL_Driver/Src/stm32f4xx_hal_dma2d.o
 .debug_line    0x000088eb      0xd18 ./Drivers/STM32F4xx_HAL_Driver/Src/stm32f4xx_hal_gpio.o
 .debug_line    0x00009603     0x3c4a ./Drivers/STM32F4xx_HAL_Driver/Src/stm32f4xx_hal_i2c.o
 .debug_line    0x0000d24d     0x1548 ./Drivers/STM32F4xx_HAL_Driver/Src/stm32f4xx_hal_ltdc.o
 .debug_line    0x0000e795      0x8ef ./Drivers/STM32F4xx_HAL_Driver/Src/stm32f4xx_hal_msp_template.o
 .debug_line    0x0000f084      0xb05 ./Drivers/STM32F4xx_HAL_Driver/Src/stm32f4xx_hal_pwr_ex.o
 .debug_line    0x0000fb89      0xf8f ./Drivers/STM32F4xx_HAL_Driver/Src/stm32f4xx_hal_rcc.o
 .debug_line    0x00010b18      0xdec ./Drivers/STM32F4xx_HAL_Driver/Src/stm32f4xx_hal_rcc_ex.o
 .debug_line    0x00011904      0xe9d ./Drivers/STM32F4xx_HAL_Driver/Src/stm32f4xx_hal_sdram.o
 .debug_line    0x000127a1     0x214c ./Drivers/STM32F4xx_HAL_Driver/Src/stm32f4xx_hal_spi.o
 .debug_line    0x000148ed      0xd53 ./Drivers/STM32F4xx_HAL_Driver/Src/stm32f4xx_ll_fmc.o
 .debug_line    0x00015640       0x7b ./Drivers/Startup/startup_stm32f429zitx.o
 .debug_line    0x000156bb      0xf12 ./Drivers/User/stm32f4xx_it.o
 .debug_line    0x000165cd      0x607 ./Drivers/User/system_stm32f4xx.o
 .debug_line    0x00016bd4      0xc20 ./Drivers/init.o
 .debug_line    0x000177f4      0xf1f ./src/main.o

.debug_str      0x00000000    0xe152b
 .debug_str     0x00000000    0xe152b ./Drivers/BSP/Components/ili9341/ili9341.o
                               0x467b (size before relaxing)
 .debug_str     0x000e152b     0x4e74 ./Drivers/BSP/Components/stmpe811/stmpe811.o
 .debug_str     0x000e152b    0xd3ea1 ./Drivers/BSP/STM32F429I-Discovery/stm32f429i_discovery.o
 .debug_str     0x000e152b    0xd4ec7 ./Drivers/BSP/STM32F429I-Discovery/stm32f429i_discovery_lcd.o
 .debug_str     0x000e152b    0xd3da3 ./Drivers/BSP/STM32F429I-Discovery/stm32f429i_discovery_sdram.o
 .debug_str     0x000e152b    0xd36fa ./Drivers/BSP/STM32F429I-Discovery/stm32f429i_discovery_ts.o
 .debug_str     0x000e152b    0xd28bc ./Drivers/STM32F4xx_HAL_Driver/Src/stm32f4xx_hal.o
 .debug_str     0x000e152b    0xd25b8 ./Drivers/STM32F4xx_HAL_Driver/Src/stm32f4xx_hal_cortex.o
 .debug_str     0x000e152b    0xd20a0 ./Drivers/STM32F4xx_HAL_Driver/Src/stm32f4xx_hal_dma.o
 .debug_str     0x000e152b    0xd2275 ./Drivers/STM32F4xx_HAL_Driver/Src/stm32f4xx_hal_dma2d.o
 .debug_str     0x000e152b    0xd1e14 ./Drivers/STM32F4xx_HAL_Driver/Src/stm32f4xx_hal_gpio.o
 .debug_str     0x000e152b    0xd2ca9 ./Drivers/STM32F4xx_HAL_Driver/Src/stm32f4xx_hal_i2c.o
 .debug_str     0x000e152b    0xd22fd ./Drivers/STM32F4xx_HAL_Driver/Src/stm32f4xx_hal_ltdc.o
 .debug_str     0x000e152b    0xd1b06 ./Drivers/STM32F4xx_HAL_Driver/Src/stm32f4xx_hal_msp_template.o
 .debug_str     0x000e152b    0xd1e71 ./Drivers/STM32F4xx_HAL_Driver/Src/stm32f4xx_hal_pwr_ex.o
 .debug_str     0x000e152b    0xd20cd ./Drivers/STM32F4xx_HAL_Driver/Src/stm32f4xx_hal_rcc.o
 .debug_str     0x000e152b    0xd1e94 ./Drivers/STM32F4xx_HAL_Driver/Src/stm32f4xx_hal_rcc_ex.o
 .debug_str     0x000e152b    0xd23b9 ./Drivers/STM32F4xx_HAL_Driver/Src/stm32f4xx_hal_sdram.o
 .debug_str     0x000e152b    0xd25b1 ./Drivers/STM32F4xx_HAL_Driver/Src/stm32f4xx_hal_spi.o
 .debug_str     0x000e152b    0xd2883 ./Drivers/STM32F4xx_HAL_Driver/Src/stm32f4xx_ll_fmc.o
 .debug_str     0x000e152b       0x8c ./Drivers/Startup/startup_stm32f429zitx.o
 .debug_str     0x000e152b    0xd8a1b ./Drivers/User/stm32f4xx_it.o
 .debug_str     0x000e152b    0x93964 ./Drivers/User/system_stm32f4xx.o
 .debug_str     0x000e152b    0xd4a6d ./Drivers/init.o
 .debug_str     0x000e152b    0xda329 ./src/main.o

.comment        0x00000000       0x43
 .comment       0x00000000       0x43 ./Drivers/BSP/Components/ili9341/ili9341.o
                                 0x44 (size before relaxing)
 .comment       0x00000043       0x44 ./Drivers/BSP/Components/stmpe811/stmpe811.o
 .comment       0x00000043       0x44 ./Drivers/BSP/STM32F429I-Discovery/stm32f429i_discovery.o
 .comment       0x00000043       0x44 ./Drivers/BSP/STM32F429I-Discovery/stm32f429i_discovery_lcd.o
 .comment       0x00000043       0x44 ./Drivers/BSP/STM32F429I-Discovery/stm32f429i_discovery_sdram.o
 .comment       0x00000043       0x44 ./Drivers/BSP/STM32F429I-Discovery/stm32f429i_discovery_ts.o
 .comment       0x00000043       0x44 ./Drivers/STM32F4xx_HAL_Driver/Src/stm32f4xx_hal.o
 .comment       0x00000043       0x44 ./Drivers/STM32F4xx_HAL_Driver/Src/stm32f4xx_hal_cortex.o
 .comment       0x00000043       0x44 ./Drivers/STM32F4xx_HAL_Driver/Src/stm32f4xx_hal_dma.o
 .comment       0x00000043       0x44 ./Drivers/STM32F4xx_HAL_Driver/Src/stm32f4xx_hal_dma2d.o
 .comment       0x00000043       0x44 ./Drivers/STM32F4xx_HAL_Driver/Src/stm32f4xx_hal_gpio.o
 .comment       0x00000043       0x44 ./Drivers/STM32F4xx_HAL_Driver/Src/stm32f4xx_hal_i2c.o
 .comment       0x00000043       0x44 ./Drivers/STM32F4xx_HAL_Driver/Src/stm32f4xx_hal_ltdc.o
 .comment       0x00000043       0x44 ./Drivers/STM32F4xx_HAL_Driver/Src/stm32f4xx_hal_msp_template.o
 .comment       0x00000043       0x44 ./Drivers/STM32F4xx_HAL_Driver/Src/stm32f4xx_hal_pwr_ex.o
 .comment       0x00000043       0x44 ./Drivers/STM32F4xx_HAL_Driver/Src/stm32f4xx_hal_rcc.o
 .comment       0x00000043       0x44 ./Drivers/STM32F4xx_HAL_Driver/Src/stm32f4xx_hal_rcc_ex.o
 .comment       0x00000043       0x44 ./Drivers/STM32F4xx_HAL_Driver/Src/stm32f4xx_hal_sdram.o
 .comment       0x00000043       0x44 ./Drivers/STM32F4xx_HAL_Driver/Src/stm32f4xx_hal_spi.o
 .comment       0x00000043       0x44 ./Drivers/STM32F4xx_HAL_Driver/Src/stm32f4xx_ll_fmc.o
 .comment       0x00000043       0x44 ./Drivers/User/stm32f4xx_it.o
 .comment       0x00000043       0x44 ./Drivers/User/system_stm32f4xx.o
 .comment       0x00000043       0x44 ./Drivers/init.o
 .comment       0x00000043       0x44 ./src/main.o

.debug_frame    0x00000000     0x5098
 .debug_frame   0x00000000      0x12c ./Drivers/BSP/Components/ili9341/ili9341.o
 .debug_frame   0x0000012c      0x4e0 ./Drivers/BSP/Components/stmpe811/stmpe811.o
 .debug_frame   0x0000060c      0x4ec ./Drivers/BSP/STM32F429I-Discovery/stm32f429i_discovery.o
 .debug_frame   0x00000af8      0x75c ./Drivers/BSP/STM32F429I-Discovery/stm32f429i_discovery_lcd.o
 .debug_frame   0x00001254      0x168 ./Drivers/BSP/STM32F429I-Discovery/stm32f429i_discovery_sdram.o
 .debug_frame   0x000013bc       0xac ./Drivers/BSP/STM32F429I-Discovery/stm32f429i_discovery_ts.o
 .debug_frame   0x00001468      0x3b4 ./Drivers/STM32F4xx_HAL_Driver/Src/stm32f4xx_hal.o
 .debug_frame   0x0000181c      0x4b8 ./Drivers/STM32F4xx_HAL_Driver/Src/stm32f4xx_hal_cortex.o
 .debug_frame   0x00001cd4      0x250 ./Drivers/STM32F4xx_HAL_Driver/Src/stm32f4xx_hal_dma.o
 .debug_frame   0x00001f24      0x4e0 ./Drivers/STM32F4xx_HAL_Driver/Src/stm32f4xx_hal_dma2d.o
 .debug_frame   0x00002404      0x14c ./Drivers/STM32F4xx_HAL_Driver/Src/stm32f4xx_hal_gpio.o
 .debug_frame   0x00002550      0xc84 ./Drivers/STM32F4xx_HAL_Driver/Src/stm32f4xx_hal_i2c.o
 .debug_frame   0x000031d4      0x61c ./Drivers/STM32F4xx_HAL_Driver/Src/stm32f4xx_hal_ltdc.o
 .debug_frame   0x000037f0       0x90 ./Drivers/STM32F4xx_HAL_Driver/Src/stm32f4xx_hal_msp_template.o
 .debug_frame   0x00003880      0x14c ./Drivers/STM32F4xx_HAL_Driver/Src/stm32f4xx_hal_pwr_ex.o
 .debug_frame   0x000039cc      0x1f4 ./Drivers/STM32F4xx_HAL_Driver/Src/stm32f4xx_hal_rcc.o
 .debug_frame   0x00003bc0      0x13c ./Drivers/STM32F4xx_HAL_Driver/Src/stm32f4xx_hal_rcc_ex.o
 .debug_frame   0x00003cfc      0x3e8 ./Drivers/STM32F4xx_HAL_Driver/Src/stm32f4xx_hal_sdram.o
 .debug_frame   0x000040e4      0x8c4 ./Drivers/STM32F4xx_HAL_Driver/Src/stm32f4xx_hal_spi.o
 .debug_frame   0x000049a8      0x440 ./Drivers/STM32F4xx_HAL_Driver/Src/stm32f4xx_ll_fmc.o
 .debug_frame   0x00004de8      0x128 ./Drivers/User/stm32f4xx_it.o
 .debug_frame   0x00004f10       0x58 ./Drivers/User/system_stm32f4xx.o
 .debug_frame   0x00004f68       0x74 ./Drivers/init.o
 .debug_frame   0x00004fdc       0x30 ./src/main.o
 .debug_frame   0x0000500c       0x2c C:/ST/STM32CubeIDE_1.18.1/STM32CubeIDE/plugins/com.st.stm32cube.ide.mcu.externaltools.gnu-tools-for-stm32.13.3.rel1.win32_1.0.0.202411081344/tools/bin/../lib/gcc/arm-none-eabi/13.3.1/../../../../arm-none-eabi/lib/thumb/v7e-m+fp/hard\libc_nano.a(libc_a-init.o)
 .debug_frame   0x00005038       0x2c C:/ST/STM32CubeIDE_1.18.1/STM32CubeIDE/plugins/com.st.stm32cube.ide.mcu.externaltools.gnu-tools-for-stm32.13.3.rel1.win32_1.0.0.202411081344/tools/bin/../lib/gcc/arm-none-eabi/13.3.1/thumb/v7e-m+fp/hard\libgcc.a(_aeabi_uldivmod.o)
 .debug_frame   0x00005064       0x34 C:/ST/STM32CubeIDE_1.18.1/STM32CubeIDE/plugins/com.st.stm32cube.ide.mcu.externaltools.gnu-tools-for-stm32.13.3.rel1.win32_1.0.0.202411081344/tools/bin/../lib/gcc/arm-none-eabi/13.3.1/thumb/v7e-m+fp/hard\libgcc.a(_udivmoddi4.o)

.debug_line_str
                0x00000000       0x70
 .debug_line_str
                0x00000000       0x70 ./Drivers/Startup/startup_stm32f429zitx.o
