20:22:12 **** Incremental Build of configuration Discovery_Debug for project BSP ****
make -j4 all 
arm-none-eabi-g++ "../src/3.5/3.5.cxx" -mcpu=cortex-m4 -std=gnu++14 -g3 -DDEBUG -DUSE_STM32F429I_DISCO -DSTM32F429xx -c -I"C:/Users/artsa/Desktop/SEM 4/PPO/DISCOVERY/DISCO/BSP/Drivers/CMSIS/Device/ST/STM32F4xx/Include" -I"C:/Users/artsa/Desktop/SEM 4/PPO/DISCOVERY/DISCO/BSP/Drivers/CMSIS/Include" -I"C:/Users/artsa/Desktop/SEM 4/PPO/DISCOVERY/DISCO/BSP/Drivers/BSP/STM32F429I-Discovery" -I"C:/Users/artsa/Desktop/SEM 4/PPO/DISCOVERY/DISCO/BSP/Drivers/STM32F4xx_HAL_Driver/Inc" -I"C:/Users/artsa/Desktop/SEM 4/PPO/DISCOVERY/DISCO/BSP/Drivers/User" -I"C:/Users/artsa/Desktop/SEM 4/PPO/DISCOVERY/DISCO/BSP/Drivers" -O0 -ffunction-sections -fdata-sections -fno-exceptions -fno-rtti -fno-use-cxa-atexit -Wall -fstack-usage -fcyclomatic-complexity -MMD -MP -MF"src/3.5/3.5.d" -MT"src/3.5/3.5.o" --specs=nano.specs -mfpu=fpv4-sp-d16 -mfloat-abi=hard -mthumb -o "src/3.5/3.5.o"
arm-none-eabi-g++ "../src/3.5/KeyboardTs.cxx" -mcpu=cortex-m4 -std=gnu++14 -g3 -DDEBUG -DUSE_STM32F429I_DISCO -DSTM32F429xx -c -I"C:/Users/artsa/Desktop/SEM 4/PPO/DISCOVERY/DISCO/BSP/Drivers/CMSIS/Device/ST/STM32F4xx/Include" -I"C:/Users/artsa/Desktop/SEM 4/PPO/DISCOVERY/DISCO/BSP/Drivers/CMSIS/Include" -I"C:/Users/artsa/Desktop/SEM 4/PPO/DISCOVERY/DISCO/BSP/Drivers/BSP/STM32F429I-Discovery" -I"C:/Users/artsa/Desktop/SEM 4/PPO/DISCOVERY/DISCO/BSP/Drivers/STM32F4xx_HAL_Driver/Inc" -I"C:/Users/artsa/Desktop/SEM 4/PPO/DISCOVERY/DISCO/BSP/Drivers/User" -I"C:/Users/artsa/Desktop/SEM 4/PPO/DISCOVERY/DISCO/BSP/Drivers" -O0 -ffunction-sections -fdata-sections -fno-exceptions -fno-rtti -fno-use-cxa-atexit -Wall -fstack-usage -fcyclomatic-complexity -MMD -MP -MF"src/3.5/KeyboardTs.d" -MT"src/3.5/KeyboardTs.o" --specs=nano.specs -mfpu=fpv4-sp-d16 -mfloat-abi=hard -mthumb -o "src/3.5/KeyboardTs.o"
arm-none-eabi-g++ "../src/3.5/KeyboardTsLcd.cxx" -mcpu=cortex-m4 -std=gnu++14 -g3 -DDEBUG -DUSE_STM32F429I_DISCO -DSTM32F429xx -c -I"C:/Users/artsa/Desktop/SEM 4/PPO/DISCOVERY/DISCO/BSP/Drivers/CMSIS/Device/ST/STM32F4xx/Include" -I"C:/Users/artsa/Desktop/SEM 4/PPO/DISCOVERY/DISCO/BSP/Drivers/CMSIS/Include" -I"C:/Users/artsa/Desktop/SEM 4/PPO/DISCOVERY/DISCO/BSP/Drivers/BSP/STM32F429I-Discovery" -I"C:/Users/artsa/Desktop/SEM 4/PPO/DISCOVERY/DISCO/BSP/Drivers/STM32F4xx_HAL_Driver/Inc" -I"C:/Users/artsa/Desktop/SEM 4/PPO/DISCOVERY/DISCO/BSP/Drivers/User" -I"C:/Users/artsa/Desktop/SEM 4/PPO/DISCOVERY/DISCO/BSP/Drivers" -O0 -ffunction-sections -fdata-sections -fno-exceptions -fno-rtti -fno-use-cxa-atexit -Wall -fstack-usage -fcyclomatic-complexity -MMD -MP -MF"src/3.5/KeyboardTsLcd.d" -MT"src/3.5/KeyboardTsLcd.o" --specs=nano.specs -mfpu=fpv4-sp-d16 -mfloat-abi=hard -mthumb -o "src/3.5/KeyboardTsLcd.o"
arm-none-eabi-g++ "../src/3.5/LedLcd.cxx" -mcpu=cortex-m4 -std=gnu++14 -g3 -DDEBUG -DUSE_STM32F429I_DISCO -DSTM32F429xx -c -I"C:/Users/artsa/Desktop/SEM 4/PPO/DISCOVERY/DISCO/BSP/Drivers/CMSIS/Device/ST/STM32F4xx/Include" -I"C:/Users/artsa/Desktop/SEM 4/PPO/DISCOVERY/DISCO/BSP/Drivers/CMSIS/Include" -I"C:/Users/artsa/Desktop/SEM 4/PPO/DISCOVERY/DISCO/BSP/Drivers/BSP/STM32F429I-Discovery" -I"C:/Users/artsa/Desktop/SEM 4/PPO/DISCOVERY/DISCO/BSP/Drivers/STM32F4xx_HAL_Driver/Inc" -I"C:/Users/artsa/Desktop/SEM 4/PPO/DISCOVERY/DISCO/BSP/Drivers/User" -I"C:/Users/artsa/Desktop/SEM 4/PPO/DISCOVERY/DISCO/BSP/Drivers" -O0 -ffunction-sections -fdata-sections -fno-exceptions -fno-rtti -fno-use-cxa-atexit -Wall -fstack-usage -fcyclomatic-complexity -MMD -MP -MF"src/3.5/LedLcd.d" -MT"src/3.5/LedLcd.o" --specs=nano.specs -mfpu=fpv4-sp-d16 -mfloat-abi=hard -mthumb -o "src/3.5/LedLcd.o"
arm-none-eabi-g++ -o "BSP.elf" @"objects.list"   -mcpu=cortex-m4 -T"C:\Users\artsa\Desktop\SEM 4\PPO\DISCOVERY\DISCO\BSP\STM32F429ZITX_FLASH.ld" --specs=nosys.specs -Wl,-Map="BSP.map" -Wl,--gc-sections -static --specs=nano.specs -mfpu=fpv4-sp-d16 -mfloat-abi=hard -mthumb -Wl,--start-group -lc -lm -lstdc++ -lsupc++ -Wl,--end-group
C:/ST/STM32CubeIDE_1.18.1/STM32CubeIDE/plugins/com.st.stm32cube.ide.mcu.externaltools.gnu-tools-for-stm32.13.3.rel1.win32_1.0.0.202411081344/tools/bin/../lib/gcc/arm-none-eabi/13.3.1/../../../../arm-none-eabi/bin/ld.exe: warning: BSP.elf has a LOAD segment with RWX permissions
Finished building target: BSP.elf
 
arm-none-eabi-size  BSP.elf 
arm-none-eabi-objdump -h -S BSP.elf  > "BSP.list"
arm-none-eabi-objcopy  -O binary BSP.elf  "BSP.bin"
   text	   data	    bss	    dec	    hex	filename
  39508	    236	   2612	  42356	   a574	BSP.elf
Finished building: default.size.stdout
 
Finished building: BSP.bin
 
Finished building: BSP.list
 

20:22:17 Build Finished. 0 errors, 1 warnings. (took 4s.802ms)

